klogd 1.4.1, log source = ksyslog started.
<6>[    0.000000] Initializing cgroup subsys cpuset
<6>[    0.000000] Initializing cgroup subsys cpu
<5>[    0.000000] Linux version 3.0.13-0.27-default (geeko@buildhost) (gcc version 4.3.4 [gcc-4_3-branch revision 152973] (SUSE Linux) ) #1 SMP Wed Feb 15 13:33:49 UTC 2012 (d73692b)
<6>[    0.000000] Command line: root=/dev/sda2 resume=/dev/sda1 splash=silent crashkernel=256M-:128M showopts vga=0x317
<6>[    0.000000] Disabled fast string operations
<6>[    0.000000] BIOS-provided physical RAM map:
<6>[    0.000000]  BIOS-e820: 0000000000000000 - 000000000009f000 (usable)
<6>[    0.000000]  BIOS-e820: 000000000009f000 - 00000000000a0000 (reserved)
<6>[    0.000000]  BIOS-e820: 00000000000ca000 - 00000000000cc000 (reserved)
<6>[    0.000000]  BIOS-e820: 00000000000dc000 - 0000000000100000 (reserved)
<6>[    0.000000]  BIOS-e820: 0000000000100000 - 000000007fee0000 (usable)
<6>[    0.000000]  BIOS-e820: 000000007fee0000 - 000000007feff000 (ACPI data)
<6>[    0.000000]  BIOS-e820: 000000007feff000 - 000000007ff00000 (ACPI NVS)
<6>[    0.000000]  BIOS-e820: 000000007ff00000 - 0000000080000000 (usable)
<6>[    0.000000]  BIOS-e820: 00000000e0000000 - 00000000f0000000 (reserved)
<6>[    0.000000]  BIOS-e820: 00000000fec00000 - 00000000fec10000 (reserved)
<6>[    0.000000]  BIOS-e820: 00000000fee00000 - 00000000fee01000 (reserved)
<6>[    0.000000]  BIOS-e820: 00000000fffe0000 - 0000000100000000 (reserved)
<6>[    0.000000] NX (Execute Disable) protection: active
<6>[    0.000000] DMI present.
<7>[    0.000000] DMI: VMware, Inc. VMware Virtual Platform/440BX Desktop Reference Platform, BIOS 6.00 07/02/2012
<6>[    0.000000] Hypervisor detected: VMware
<7>[    0.000000] e820 update range: 0000000000000000 - 0000000000010000 (usable) ==> (reserved)
<7>[    0.000000] e820 remove range: 00000000000a0000 - 0000000000100000 (usable)
<6>[    0.000000] No AGP bridge found
<6>[    0.000000] last_pfn = 0x80000 max_arch_pfn = 0x400000000
<7>[    0.000000] MTRR default type: uncachable
<7>[    0.000000] MTRR fixed ranges enabled:
<7>[    0.000000]   00000-9FFFF write-back
<7>[    0.000000]   A0000-BFFFF uncachable
<7>[    0.000000]   C0000-CBFFF write-protect
<7>[    0.000000]   CC000-EFFFF uncachable
<7>[    0.000000]   F0000-FFFFF write-protect
<7>[    0.000000] MTRR variable ranges enabled:
<7>[    0.000000]   0 base 0000000000 mask FF80000000 write-back
<7>[    0.000000]   1 disabled
<7>[    0.000000]   2 disabled
<7>[    0.000000]   3 disabled
<7>[    0.000000]   4 disabled
<7>[    0.000000]   5 disabled
<7>[    0.000000]   6 disabled
<7>[    0.000000]   7 disabled
<6>[    0.000000] x86 PAT enabled: cpu 0, old 0x0, new 0x7010600070106
<6>[    0.000000] found SMP MP-table at [ffff8800000f6bf0] f6bf0
<7>[    0.000000] initial memory mapped : 0 - 20000000
<7>[    0.000000] Base memory trampoline at [ffff88000009a000] 9a000 size 20480
<6>[    0.000000] init_memory_mapping: 0000000000000000-0000000080000000
<7>[    0.000000]  0000000000 - 0080000000 page 2M
<7>[    0.000000] kernel direct mapping tables up to 80000000 @ 1fffd000-20000000
<6>[    0.000000] RAMDISK: 378d5000 - 37ff0000
<6>[    0.000000] Reserving 128MB of memory at 752MB for crashkernel (System RAM: 2048MB)
<4>[    0.000000] ACPI: RSDP 00000000000f6b80 00024 (v02 PTLTD )
<4>[    0.000000] ACPI: XSDT 000000007feeda5c 0005C (v01 INTEL  440BX    06040000 VMW  01324272)
<4>[    0.000000] ACPI: FACP 000000007fefee98 000F4 (v04 INTEL  440BX    06040000 PTL  000F4240)
<4>[    0.000000] ACPI: DSDT 000000007feee63b 1085D (v01 PTLTD  Custom   06040000 MSFT 03000001)
<4>[    0.000000] ACPI: FACS 000000007fefffc0 00040
<4>[    0.000000] ACPI: BOOT 000000007feee613 00028 (v01 PTLTD  $SBFTBL$ 06040000  LTP 00000001)
<4>[    0.000000] ACPI: APIC 000000007feee251 003C2 (v01 PTLTD  ? APIC   06040000  LTP 00000000)
<4>[    0.000000] ACPI: MCFG 000000007feee215 0003C (v01 PTLTD  $PCITBL$ 06040000  LTP 00000001)
<4>[    0.000000] ACPI: SRAT 000000007feedb58 004A8 (v02 VMWARE MEMPLUG  06040000 VMW  00000001)
<4>[    0.000000] ACPI: HPET 000000007feedb20 00038 (v01 VMWARE VMW HPET 06040000 VMW  00000001)
<4>[    0.000000] ACPI: WAET 000000007feedaf8 00028 (v01 VMWARE VMW WAET 06040000 VMW  00000001)
<7>[    0.000000] ACPI: Local APIC address 0xfee00000
<7>[    0.000000] system APIC only can use physical flat
<6>[    0.000000] Setting APIC routing to physical flat.
<6>[    0.000000] SRAT: PXM 0 -> APIC 0x00 -> Node 0
<6>[    0.000000] SRAT: PXM 0 -> APIC 0x02 -> Node 0
<6>[    0.000000] SRAT: PXM 0 -> APIC 0x04 -> Node 0
<6>[    0.000000] SRAT: PXM 0 -> APIC 0x06 -> Node 0
<6>[    0.000000] SRAT: PXM 0 -> APIC 0x08 -> Node 0
<6>[    0.000000] SRAT: PXM 0 -> APIC 0x0a -> Node 0
<6>[    0.000000] SRAT: PXM 0 -> APIC 0x0c -> Node 0
<6>[    0.000000] SRAT: PXM 0 -> APIC 0x0e -> Node 0
<6>[    0.000000] SRAT: PXM 0 -> APIC 0x10 -> Node 0
<6>[    0.000000] SRAT: PXM 0 -> APIC 0x12 -> Node 0
<6>[    0.000000] SRAT: PXM 0 -> APIC 0x14 -> Node 0
<6>[    0.000000] SRAT: PXM 0 -> APIC 0x16 -> Node 0
<6>[    0.000000] SRAT: PXM 0 -> APIC 0x18 -> Node 0
<6>[    0.000000] SRAT: PXM 0 -> APIC 0x1a -> Node 0
<6>[    0.000000] SRAT: PXM 0 -> APIC 0x1c -> Node 0
<6>[    0.000000] SRAT: PXM 0 -> APIC 0x1e -> Node 0
<6>[    0.000000] SRAT: PXM 0 -> APIC 0x20 -> Node 0
<6>[    0.000000] SRAT: PXM 0 -> APIC 0x22 -> Node 0
<6>[    0.000000] SRAT: PXM 0 -> APIC 0x24 -> Node 0
<6>[    0.000000] SRAT: PXM 0 -> APIC 0x26 -> Node 0
<6>[    0.000000] SRAT: PXM 0 -> APIC 0x28 -> Node 0
<6>[    0.000000] SRAT: PXM 0 -> APIC 0x2a -> Node 0
<6>[    0.000000] SRAT: PXM 0 -> APIC 0x2c -> Node 0
<6>[    0.000000] SRAT: PXM 0 -> APIC 0x2e -> Node 0
<6>[    0.000000] SRAT: PXM 0 -> APIC 0x30 -> Node 0
<6>[    0.000000] SRAT: PXM 0 -> APIC 0x32 -> Node 0
<6>[    0.000000] SRAT: PXM 0 -> APIC 0x34 -> Node 0
<6>[    0.000000] SRAT: PXM 0 -> APIC 0x36 -> Node 0
<6>[    0.000000] SRAT: PXM 0 -> APIC 0x38 -> Node 0
<6>[    0.000000] SRAT: PXM 0 -> APIC 0x3a -> Node 0
<6>[    0.000000] SRAT: PXM 0 -> APIC 0x3c -> Node 0
<6>[    0.000000] SRAT: PXM 0 -> APIC 0x3e -> Node 0
<6>[    0.000000] SRAT: PXM 0 -> APIC 0x40 -> Node 0
<6>[    0.000000] SRAT: PXM 0 -> APIC 0x42 -> Node 0
<6>[    0.000000] SRAT: PXM 0 -> APIC 0x44 -> Node 0
<6>[    0.000000] SRAT: PXM 0 -> APIC 0x46 -> Node 0
<6>[    0.000000] SRAT: PXM 0 -> APIC 0x48 -> Node 0
<6>[    0.000000] SRAT: PXM 0 -> APIC 0x4a -> Node 0
<6>[    0.000000] SRAT: PXM 0 -> APIC 0x4c -> Node 0
<6>[    0.000000] SRAT: PXM 0 -> APIC 0x4e -> Node 0
<6>[    0.000000] SRAT: PXM 0 -> APIC 0x50 -> Node 0
<6>[    0.000000] SRAT: PXM 0 -> APIC 0x52 -> Node 0
<6>[    0.000000] SRAT: PXM 0 -> APIC 0x54 -> Node 0
<6>[    0.000000] SRAT: PXM 0 -> APIC 0x56 -> Node 0
<6>[    0.000000] SRAT: PXM 0 -> APIC 0x58 -> Node 0
<6>[    0.000000] SRAT: PXM 0 -> APIC 0x5a -> Node 0
<6>[    0.000000] SRAT: PXM 0 -> APIC 0x5c -> Node 0
<6>[    0.000000] SRAT: PXM 0 -> APIC 0x5e -> Node 0
<6>[    0.000000] SRAT: PXM 0 -> APIC 0x60 -> Node 0
<6>[    0.000000] SRAT: PXM 0 -> APIC 0x62 -> Node 0
<6>[    0.000000] SRAT: PXM 0 -> APIC 0x64 -> Node 0
<6>[    0.000000] SRAT: PXM 0 -> APIC 0x66 -> Node 0
<6>[    0.000000] SRAT: PXM 0 -> APIC 0x68 -> Node 0
<6>[    0.000000] SRAT: PXM 0 -> APIC 0x6a -> Node 0
<6>[    0.000000] SRAT: PXM 0 -> APIC 0x6c -> Node 0
<6>[    0.000000] SRAT: PXM 0 -> APIC 0x6e -> Node 0
<6>[    0.000000] SRAT: PXM 0 -> APIC 0x70 -> Node 0
<6>[    0.000000] SRAT: PXM 0 -> APIC 0x72 -> Node 0
<6>[    0.000000] SRAT: PXM 0 -> APIC 0x74 -> Node 0
<6>[    0.000000] SRAT: PXM 0 -> APIC 0x76 -> Node 0
<6>[    0.000000] SRAT: PXM 0 -> APIC 0x78 -> Node 0
<6>[    0.000000] SRAT: PXM 0 -> APIC 0x7a -> Node 0
<6>[    0.000000] SRAT: PXM 0 -> APIC 0x7c -> Node 0
<6>[    0.000000] SRAT: PXM 0 -> APIC 0x7e -> Node 0
<6>[    0.000000] SRAT: Node 0 PXM 0 0-a0000
<6>[    0.000000] SRAT: Node 0 PXM 0 100000-80000000
<6>[    0.000000] SRAT: Node 0 PXM 0 80000000-c0000000
<6>[    0.000000] NUMA: Node 0 [0,a0000) + [100000,80000000) -> [0,80000000)
<6>[    0.000000] Initmem setup node 0 0000000000000000-0000000080000000
<6>[    0.000000]   NODE_DATA [000000007ffd9000 - 000000007fffffff]
<7>[    0.000000]  [ffffea0000000000-ffffea0001bfffff] PMD -> [ffff88007d600000-ffff88007f1fffff] on node 0
<4>[    0.000000] Zone PFN ranges:
<4>[    0.000000]   DMA      0x00000010 -> 0x00001000
<4>[    0.000000]   DMA32    0x00001000 -> 0x00100000
<4>[    0.000000]   Normal   empty
<4>[    0.000000] Movable zone start PFN for each node
<4>[    0.000000] early_node_map[3] active PFN ranges
<4>[    0.000000]     0: 0x00000010 -> 0x0000009f
<4>[    0.000000]     0: 0x00000100 -> 0x0007fee0
<4>[    0.000000]     0: 0x0007ff00 -> 0x00080000
<7>[    0.000000] On node 0 totalpages: 524143
<7>[    0.000000]   DMA zone: 56 pages used for memmap
<7>[    0.000000]   DMA zone: 5 pages reserved
<7>[    0.000000]   DMA zone: 3922 pages, LIFO batch:0
<7>[    0.000000]   DMA32 zone: 7112 pages used for memmap
<7>[    0.000000]   DMA32 zone: 513048 pages, LIFO batch:31
<6>[    0.000000] ACPI: PM-Timer IO Port: 0x1008
<7>[    0.000000] ACPI: Local APIC address 0xfee00000
<7>[    0.000000] system APIC only can use physical flat
<6>[    0.000000] ACPI: LAPIC (acpi_id[0x00] lapic_id[0x00] enabled)
<6>[    0.000000] ACPI: LAPIC (acpi_id[0x01] lapic_id[0x02] disabled)
<6>[    0.000000] ACPI: LAPIC (acpi_id[0x02] lapic_id[0x04] disabled)
<6>[    0.000000] ACPI: LAPIC (acpi_id[0x03] lapic_id[0x06] disabled)
<6>[    0.000000] ACPI: LAPIC (acpi_id[0x04] lapic_id[0x08] disabled)
<6>[    0.000000] ACPI: LAPIC (acpi_id[0x05] lapic_id[0x0a] disabled)
<6>[    0.000000] ACPI: LAPIC (acpi_id[0x06] lapic_id[0x0c] disabled)
<6>[    0.000000] ACPI: LAPIC (acpi_id[0x07] lapic_id[0x0e] disabled)
<6>[    0.000000] ACPI: LAPIC (acpi_id[0x08] lapic_id[0x10] disabled)
<6>[    0.000000] ACPI: LAPIC (acpi_id[0x09] lapic_id[0x12] disabled)
<6>[    0.000000] ACPI: LAPIC (acpi_id[0x0a] lapic_id[0x14] disabled)
<6>[    0.000000] ACPI: LAPIC (acpi_id[0x0b] lapic_id[0x16] disabled)
<6>[    0.000000] ACPI: LAPIC (acpi_id[0x0c] lapic_id[0x18] disabled)
<6>[    0.000000] ACPI: LAPIC (acpi_id[0x0d] lapic_id[0x1a] disabled)
<6>[    0.000000] ACPI: LAPIC (acpi_id[0x0e] lapic_id[0x1c] disabled)
<6>[    0.000000] ACPI: LAPIC (acpi_id[0x0f] lapic_id[0x1e] disabled)
<6>[    0.000000] ACPI: LAPIC (acpi_id[0x10] lapic_id[0x20] disabled)
<6>[    0.000000] ACPI: LAPIC (acpi_id[0x11] lapic_id[0x22] disabled)
<6>[    0.000000] ACPI: LAPIC (acpi_id[0x12] lapic_id[0x24] disabled)
<6>[    0.000000] ACPI: LAPIC (acpi_id[0x13] lapic_id[0x26] disabled)
<6>[    0.000000] ACPI: LAPIC (acpi_id[0x14] lapic_id[0x28] disabled)
<6>[    0.000000] ACPI: LAPIC (acpi_id[0x15] lapic_id[0x2a] disabled)
<6>[    0.000000] ACPI: LAPIC (acpi_id[0x16] lapic_id[0x2c] disabled)
<6>[    0.000000] ACPI: LAPIC (acpi_id[0x17] lapic_id[0x2e] disabled)
<6>[    0.000000] ACPI: LAPIC (acpi_id[0x18] lapic_id[0x30] disabled)
<6>[    0.000000] ACPI: LAPIC (acpi_id[0x19] lapic_id[0x32] disabled)
<6>[    0.000000] ACPI: LAPIC (acpi_id[0x1a] lapic_id[0x34] disabled)
<6>[    0.000000] ACPI: LAPIC (acpi_id[0x1b] lapic_id[0x36] disabled)
<6>[    0.000000] ACPI: LAPIC (acpi_id[0x1c] lapic_id[0x38] disabled)
<6>[    0.000000] ACPI: LAPIC (acpi_id[0x1d] lapic_id[0x3a] disabled)
<6>[    0.000000] ACPI: LAPIC (acpi_id[0x1e] lapic_id[0x3c] disabled)
<6>[    0.000000] ACPI: LAPIC (acpi_id[0x1f] lapic_id[0x3e] disabled)
<6>[    0.000000] ACPI: LAPIC (acpi_id[0x20] lapic_id[0x40] disabled)
<6>[    0.000000] ACPI: LAPIC (acpi_id[0x21] lapic_id[0x42] disabled)
<6>[    0.000000] ACPI: LAPIC (acpi_id[0x22] lapic_id[0x44] disabled)
<6>[    0.000000] ACPI: LAPIC (acpi_id[0x23] lapic_id[0x46] disabled)
<6>[    0.000000] ACPI: LAPIC (acpi_id[0x24] lapic_id[0x48] disabled)
<6>[    0.000000] ACPI: LAPIC (acpi_id[0x25] lapic_id[0x4a] disabled)
<6>[    0.000000] ACPI: LAPIC (acpi_id[0x26] lapic_id[0x4c] disabled)
<6>[    0.000000] ACPI: LAPIC (acpi_id[0x27] lapic_id[0x4e] disabled)
<6>[    0.000000] ACPI: LAPIC (acpi_id[0x28] lapic_id[0x50] disabled)
<6>[    0.000000] ACPI: LAPIC (acpi_id[0x29] lapic_id[0x52] disabled)
<6>[    0.000000] ACPI: LAPIC (acpi_id[0x2a] lapic_id[0x54] disabled)
<6>[    0.000000] ACPI: LAPIC (acpi_id[0x2b] lapic_id[0x56] disabled)
<6>[    0.000000] ACPI: LAPIC (acpi_id[0x2c] lapic_id[0x58] disabled)
<6>[    0.000000] ACPI: LAPIC (acpi_id[0x2d] lapic_id[0x5a] disabled)
<6>[    0.000000] ACPI: LAPIC (acpi_id[0x2e] lapic_id[0x5c] disabled)
<6>[    0.000000] ACPI: LAPIC (acpi_id[0x2f] lapic_id[0x5e] disabled)
<6>[    0.000000] ACPI: LAPIC (acpi_id[0x30] lapic_id[0x60] disabled)
<6>[    0.000000] ACPI: LAPIC (acpi_id[0x31] lapic_id[0x62] disabled)
<6>[    0.000000] ACPI: LAPIC (acpi_id[0x32] lapic_id[0x64] disabled)
<6>[    0.000000] ACPI: LAPIC (acpi_id[0x33] lapic_id[0x66] disabled)
<6>[    0.000000] ACPI: LAPIC (acpi_id[0x34] lapic_id[0x68] disabled)
<6>[    0.000000] ACPI: LAPIC (acpi_id[0x35] lapic_id[0x6a] disabled)
<6>[    0.000000] ACPI: LAPIC (acpi_id[0x36] lapic_id[0x6c] disabled)
<6>[    0.000000] ACPI: LAPIC (acpi_id[0x37] lapic_id[0x6e] disabled)
<6>[    0.000000] ACPI: LAPIC (acpi_id[0x38] lapic_id[0x70] disabled)
<6>[    0.000000] ACPI: LAPIC (acpi_id[0x39] lapic_id[0x72] disabled)
<6>[    0.000000] ACPI: LAPIC (acpi_id[0x3a] lapic_id[0x74] disabled)
<6>[    0.000000] ACPI: LAPIC (acpi_id[0x3b] lapic_id[0x76] disabled)
<6>[    0.000000] ACPI: LAPIC (acpi_id[0x3c] lapic_id[0x78] disabled)
<6>[    0.000000] ACPI: LAPIC (acpi_id[0x3d] lapic_id[0x7a] disabled)
<6>[    0.000000] ACPI: LAPIC (acpi_id[0x3e] lapic_id[0x7c] disabled)
<6>[    0.000000] ACPI: LAPIC (acpi_id[0x3f] lapic_id[0x7e] disabled)
<6>[    0.000000] ACPI: LAPIC_NMI (acpi_id[0x00] high edge lint[0x1])
<6>[    0.000000] ACPI: LAPIC_NMI (acpi_id[0x01] high edge lint[0x1])
<6>[    0.000000] ACPI: LAPIC_NMI (acpi_id[0x02] high edge lint[0x1])
<6>[    0.000000] ACPI: LAPIC_NMI (acpi_id[0x03] high edge lint[0x1])
<6>[    0.000000] ACPI: LAPIC_NMI (acpi_id[0x04] high edge lint[0x1])
<6>[    0.000000] ACPI: LAPIC_NMI (acpi_id[0x05] high edge lint[0x1])
<6>[    0.000000] ACPI: LAPIC_NMI (acpi_id[0x06] high edge lint[0x1])
<6>[    0.000000] ACPI: LAPIC_NMI (acpi_id[0x07] high edge lint[0x1])
<6>[    0.000000] ACPI: LAPIC_NMI (acpi_id[0x08] high edge lint[0x1])
<6>[    0.000000] ACPI: LAPIC_NMI (acpi_id[0x09] high edge lint[0x1])
<6>[    0.000000] ACPI: LAPIC_NMI (acpi_id[0x0a] high edge lint[0x1])
<6>[    0.000000] ACPI: LAPIC_NMI (acpi_id[0x0b] high edge lint[0x1])
<6>[    0.000000] ACPI: LAPIC_NMI (acpi_id[0x0c] high edge lint[0x1])
<6>[    0.000000] ACPI: LAPIC_NMI (acpi_id[0x0d] high edge lint[0x1])
<6>[    0.000000] ACPI: LAPIC_NMI (acpi_id[0x0e] high edge lint[0x1])
<6>[    0.000000] ACPI: LAPIC_NMI (acpi_id[0x0f] high edge lint[0x1])
<6>[    0.000000] ACPI: LAPIC_NMI (acpi_id[0x10] high edge lint[0x1])
<6>[    0.000000] ACPI: LAPIC_NMI (acpi_id[0x11] high edge lint[0x1])
<6>[    0.000000] ACPI: LAPIC_NMI (acpi_id[0x12] high edge lint[0x1])
<6>[    0.000000] ACPI: LAPIC_NMI (acpi_id[0x13] high edge lint[0x1])
<6>[    0.000000] ACPI: LAPIC_NMI (acpi_id[0x14] high edge lint[0x1])
<6>[    0.000000] ACPI: LAPIC_NMI (acpi_id[0x15] high edge lint[0x1])
<6>[    0.000000] ACPI: LAPIC_NMI (acpi_id[0x16] high edge lint[0x1])
<6>[    0.000000] ACPI: LAPIC_NMI (acpi_id[0x17] high edge lint[0x1])
<6>[    0.000000] ACPI: LAPIC_NMI (acpi_id[0x18] high edge lint[0x1])
<6>[    0.000000] ACPI: LAPIC_NMI (acpi_id[0x19] high edge lint[0x1])
<6>[    0.000000] ACPI: LAPIC_NMI (acpi_id[0x1a] high edge lint[0x1])
<6>[    0.000000] ACPI: LAPIC_NMI (acpi_id[0x1b] high edge lint[0x1])
<6>[    0.000000] ACPI: LAPIC_NMI (acpi_id[0x1c] high edge lint[0x1])
<6>[    0.000000] ACPI: LAPIC_NMI (acpi_id[0x1d] high edge lint[0x1])
<6>[    0.000000] ACPI: LAPIC_NMI (acpi_id[0x1e] high edge lint[0x1])
<6>[    0.000000] ACPI: LAPIC_NMI (acpi_id[0x1f] high edge lint[0x1])
<6>[    0.000000] ACPI: LAPIC_NMI (acpi_id[0x20] high edge lint[0x1])
<6>[    0.000000] ACPI: LAPIC_NMI (acpi_id[0x21] high edge lint[0x1])
<6>[    0.000000] ACPI: LAPIC_NMI (acpi_id[0x22] high edge lint[0x1])
<6>[    0.000000] ACPI: LAPIC_NMI (acpi_id[0x23] high edge lint[0x1])
<6>[    0.000000] ACPI: LAPIC_NMI (acpi_id[0x24] high edge lint[0x1])
<6>[    0.000000] ACPI: LAPIC_NMI (acpi_id[0x25] high edge lint[0x1])
<6>[    0.000000] ACPI: LAPIC_NMI (acpi_id[0x26] high edge lint[0x1])
<6>[    0.000000] ACPI: LAPIC_NMI (acpi_id[0x27] high edge lint[0x1])
<6>[    0.000000] ACPI: LAPIC_NMI (acpi_id[0x28] high edge lint[0x1])
<6>[    0.000000] ACPI: LAPIC_NMI (acpi_id[0x29] high edge lint[0x1])
<6>[    0.000000] ACPI: LAPIC_NMI (acpi_id[0x2a] high edge lint[0x1])
<6>[    0.000000] ACPI: LAPIC_NMI (acpi_id[0x2b] high edge lint[0x1])
<6>[    0.000000] ACPI: LAPIC_NMI (acpi_id[0x2c] high edge lint[0x1])
<6>[    0.000000] ACPI: LAPIC_NMI (acpi_id[0x2d] high edge lint[0x1])
<6>[    0.000000] ACPI: LAPIC_NMI (acpi_id[0x2e] high edge lint[0x1])
<6>[    0.000000] ACPI: LAPIC_NMI (acpi_id[0x2f] high edge lint[0x1])
<6>[    0.000000] ACPI: LAPIC_NMI (acpi_id[0x30] high edge lint[0x1])
<6>[    0.000000] ACPI: LAPIC_NMI (acpi_id[0x31] high edge lint[0x1])
<6>[    0.000000] ACPI: LAPIC_NMI (acpi_id[0x32] high edge lint[0x1])
<6>[    0.000000] ACPI: LAPIC_NMI (acpi_id[0x33] high edge lint[0x1])
<6>[    0.000000] ACPI: LAPIC_NMI (acpi_id[0x34] high edge lint[0x1])
<6>[    0.000000] ACPI: LAPIC_NMI (acpi_id[0x35] high edge lint[0x1])
<6>[    0.000000] ACPI: LAPIC_NMI (acpi_id[0x36] high edge lint[0x1])
<6>[    0.000000] ACPI: LAPIC_NMI (acpi_id[0x37] high edge lint[0x1])
<6>[    0.000000] ACPI: LAPIC_NMI (acpi_id[0x38] high edge lint[0x1])
<6>[    0.000000] ACPI: LAPIC_NMI (acpi_id[0x39] high edge lint[0x1])
<6>[    0.000000] ACPI: LAPIC_NMI (acpi_id[0x3a] high edge lint[0x1])
<6>[    0.000000] ACPI: LAPIC_NMI (acpi_id[0x3b] high edge lint[0x1])
<6>[    0.000000] ACPI: LAPIC_NMI (acpi_id[0x3c] high edge lint[0x1])
<6>[    0.000000] ACPI: LAPIC_NMI (acpi_id[0x3d] high edge lint[0x1])
<6>[    0.000000] ACPI: LAPIC_NMI (acpi_id[0x3e] high edge lint[0x1])
<6>[    0.000000] ACPI: LAPIC_NMI (acpi_id[0x3f] high edge lint[0x1])
<6>[    0.000000] ACPI: IOAPIC (id[0x01] address[0xfec00000] gsi_base[0])
<6>[    0.000000] IOAPIC[0]: apic_id 1, version 17, address 0xfec00000, GSI 0-23
<6>[    0.000000] ACPI: INT_SRC_OVR (bus 0 bus_irq 0 global_irq 2 high edge)
<7>[    0.000000] ACPI: IRQ0 used by override.
<7>[    0.000000] ACPI: IRQ2 used by override.
<7>[    0.000000] ACPI: IRQ9 used by override.
<6>[    0.000000] Using ACPI (MADT) for SMP configuration information
<6>[    0.000000] ACPI: HPET id: 0x8086af01 base: 0xfed00000
<6>[    0.000000] SMP: Allowing 64 CPUs, 63 hotplug CPUs
<7>[    0.000000] nr_irqs_gsi: 40
<6>[    0.000000] PM: Registered nosave memory: 000000000009f000 - 00000000000a0000
<6>[    0.000000] PM: Registered nosave memory: 00000000000a0000 - 00000000000ca000
<6>[    0.000000] PM: Registered nosave memory: 00000000000ca000 - 00000000000cc000
<6>[    0.000000] PM: Registered nosave memory: 00000000000cc000 - 00000000000dc000
<6>[    0.000000] PM: Registered nosave memory: 00000000000dc000 - 0000000000100000
<6>[    0.000000] PM: Registered nosave memory: 000000007fee0000 - 000000007feff000
<6>[    0.000000] PM: Registered nosave memory: 000000007feff000 - 000000007ff00000
<6>[    0.000000] Allocating PCI resources starting at 80000000 (gap: 80000000:60000000)
<6>[    0.000000] Booting paravirtualized kernel on bare hardware
<6>[    0.000000] setup_percpu: NR_CPUS:4096 nr_cpumask_bits:64 nr_cpu_ids:64 nr_node_ids:1
<6>[    0.000000] PERCPU: Embedded 26 pages/cpu @ffff88007f600000 s74880 r8192 d23424 u131072
<7>[    0.000000] pcpu-alloc: s74880 r8192 d23424 u131072 alloc=1*2097152
<7>[    0.000000] pcpu-alloc: [0] 00 01 02 03 04 05 06 07 08 09 10 11 12 13 14 15 
<7>[    0.000000] pcpu-alloc: [0] 16 17 18 19 20 21 22 23 24 25 26 27 28 29 30 31 
<7>[    0.000000] pcpu-alloc: [0] 32 33 34 35 36 37 38 39 40 41 42 43 44 45 46 47 
<7>[    0.000000] pcpu-alloc: [0] 48 49 50 51 52 53 54 55 56 57 58 59 60 61 62 63 
<4>[    0.000000] Built 1 zonelists in Node order, mobility grouping on.  Total pages: 516970
<4>[    0.000000] Policy zone: DMA32
<5>[    0.000000] Kernel command line: root=/dev/sda2 resume=/dev/sda1 splash=silent crashkernel=256M-:128M showopts vga=0x317
<6>[    0.000000] bootsplash: silent mode.
<6>[    0.000000] PID hash table entries: 4096 (order: 3, 32768 bytes)
<6>[    0.000000] xsave/xrstor: enabled xstate_bv 0x7, cntxt size 0x340
<6>[    0.000000] Checking aperture...
<6>[    0.000000] No AGP bridge found
<6>[    0.000000] Memory: 1906132k/2097152k available (4405k kernel code, 580k absent, 190440k reserved, 7781k data, 1356k init)
<6>[    0.000000] Hierarchical RCU implementation.
<6>[    0.000000] 	RCU dyntick-idle grace-period acceleration is enabled.
<6>[    0.000000] NR_IRQS:262400 nr_irqs:1192 16
<6>[    0.000000] Extended CMOS year: 2000
<6>[    0.000000] Console: colour dummy device 80x25
<6>[    0.000000] console [tty0] enabled
<6>[    0.000000] allocated 16777216 bytes of page_cgroup
<6>[    0.000000] please try 'cgroup_disable=memory' option if you don't want memory cgroups
<7>[    0.000000] hpet clockevent registered
<6>[    0.000000] TSC freq read from hypervisor : 2594.219 MHz
<4>[    0.000000] Detected 2594.219 MHz processor.
<6>[    0.000010] Calibrating delay loop (skipped) preset value.. 5188.43 BogoMIPS (lpj=10376876)
<6>[    0.000014] pid_max: default: 65536 minimum: 512
<4>[    0.000218] kdb version 4.4 by Keith Owens, Scott Lurndal. Copyright SGI, All Rights Reserved
<6>[    0.000949] Security Framework initialized
<6>[    0.000965] AppArmor: AppArmor initialized
<6>[    0.001135] Dentry cache hash table entries: 262144 (order: 9, 2097152 bytes)
<6>[    0.001873] Inode-cache hash table entries: 131072 (order: 8, 1048576 bytes)
<6>[    0.002207] Mount-cache hash table entries: 256
<6>[    0.002406] Initializing cgroup subsys cpuacct
<6>[    0.002412] Initializing cgroup subsys memory
<6>[    0.002433] Initializing cgroup subsys devices
<6>[    0.002435] Initializing cgroup subsys freezer
<6>[    0.002437] Initializing cgroup subsys net_cls
<6>[    0.002439] Initializing cgroup subsys blkio
<6>[    0.002446] Initializing cgroup subsys perf_event
<6>[    0.002528] Disabled fast string operations
<6>[    0.002532] CPU: Physical Processor ID: 0
<4>[    0.002541] ENERGY_PERF_BIAS: Set to 'normal', was 'performance'
<4>[    0.002542] ENERGY_PERF_BIAS: View and update with x86_energy_perf_policy(8)
<6>[    0.002565] mce: CPU supports 0 MCE banks
<6>[    0.002624] SMP alternatives: switching to UP code
<6>[    0.013494] ACPI: Core revision 20110413
<6>[    0.029793] x2apic not enabled, IRQ remapping init failed
<6>[    0.032014] ..TIMER: vector=0x30 apic1=0 pin1=2 apic2=-1 pin2=-1
<6>[    0.071645] CPU0: Intel(R) Core(TM) i5-3230M CPU @ 2.60GHz stepping 09
<6>[    0.176011] Performance Events: generic architected perfmon, core PMU driver.
<6>[    0.176037] ... version:                1
<6>[    0.176039] ... bit width:              48
<6>[    0.176040] ... generic registers:      4
<6>[    0.176042] ... value mask:             0000ffffffffffff
<6>[    0.176043] ... max period:             000000007fffffff
<6>[    0.176045] ... fixed-purpose events:   0
<6>[    0.176046] ... event mask:             000000000000000f
<6>[    0.176220] NMI watchdog enabled, takes one hw-pmu counter.
<6>[    0.176240] Brought up 1 CPUs
<6>[    0.176243] Total of 1 processors activated (5188.43 BogoMIPS).
<6>[    0.176694] x86 PAT enabled: cpu 0, old 0x0, new 0x7010600070106
<6>[    0.176957] devtmpfs: initialized
<6>[    0.179174] PM: Registering ACPI NVS region at 7feff000 (4096 bytes)
<6>[    0.179297] print_constraints: dummy: 
<6>[    0.179427] Time:  1:32:04  Date: 03/21/14
<6>[    0.179510] NET: Registered protocol family 16
<6>[    0.179634] ACPI: bus type pci registered
<6>[    0.179777] PCI: MMCONFIG for domain 0000 [bus 00-ff] at [mem 0xe0000000-0xefffffff] (base 0xe0000000)
<6>[    0.179781] PCI: MMCONFIG at [mem 0xe0000000-0xefffffff] reserved in E820
<6>[    0.208494] PCI: Using configuration type 1 for base access
<6>[    0.209157] bio: create slab <bio-0> at 0
<7>[    0.211683] ACPI: EC: Look up EC in DSDT
<5>[    0.218597] [Firmware Bug]: ACPI: BIOS _OSI(Linux) query ignored
<6>[    0.231351] ACPI: Interpreter enabled
<6>[    0.231356] ACPI: (supports S0 S1 S4 S5)
<6>[    0.231370] ACPI: Using IOAPIC for interrupt routing
<6>[    0.291320] ACPI: No dock devices found.
<6>[    0.291328] PCI: Using host bridge windows from ACPI; if necessary, use "pci=nocrs" and report a bug
<6>[    0.292475] ACPI: PCI Root Bridge [PCI0] (domain 0000 [bus 00-ff])
<6>[    0.294551] pci_root PNP0A03:00: host bridge window [mem 0x000a0000-0x000bffff]
<6>[    0.294555] pci_root PNP0A03:00: host bridge window [mem 0x000cc000-0x000cffff]
<6>[    0.294557] pci_root PNP0A03:00: host bridge window [mem 0x000d0000-0x000d3fff]
<6>[    0.294559] pci_root PNP0A03:00: host bridge window [mem 0x000d4000-0x000d7fff]
<6>[    0.294561] pci_root PNP0A03:00: host bridge window [mem 0x000d8000-0x000dbfff]
<6>[    0.294564] pci_root PNP0A03:00: host bridge window [mem 0xc0000000-0xfebfffff]
<6>[    0.294566] pci_root PNP0A03:00: host bridge window [io  0x0000-0x0cf7]
<6>[    0.294568] pci_root PNP0A03:00: host bridge window [io  0x0d00-0xfeff]
<7>[    0.294642] pci 0000:00:00.0: [8086:7190] type 0 class 0x000600
<7>[    0.295281] pci 0000:00:01.0: [8086:7191] type 1 class 0x000604
<7>[    0.295869] pci 0000:00:07.0: [8086:7110] type 0 class 0x000601
<7>[    0.296821] pci 0000:00:07.1: [8086:7111] type 0 class 0x000101
<7>[    0.298312] pci 0000:00:07.1: reg 20: [io  0x10c0-0x10cf]
<7>[    0.299094] pci 0000:00:07.3: [8086:7113] type 0 class 0x000680
<6>[    0.300935] pci 0000:00:07.3: quirk: [io  0x1000-0x103f] claimed by PIIX4 ACPI
<6>[    0.300957] pci 0000:00:07.3: quirk: [io  0x1040-0x104f] claimed by PIIX4 SMB
<7>[    0.301306] pci 0000:00:07.7: [15ad:0740] type 0 class 0x000880
<7>[    0.301880] pci 0000:00:07.7: reg 10: [io  0x1080-0x10bf]
<7>[    0.302460] pci 0000:00:07.7: reg 14: [mem 0xc8000000-0xc8001fff 64bit]
<7>[    0.304641] pci 0000:00:0f.0: [15ad:0405] type 0 class 0x000300
<7>[    0.306132] pci 0000:00:0f.0: reg 10: [io  0x10d0-0x10df]
<7>[    0.307457] pci 0000:00:0f.0: reg 14: [mem 0xd0000000-0xd7ffffff pref]
<7>[    0.308819] pci 0000:00:0f.0: reg 18: [mem 0xc8800000-0xc8ffffff]
<7>[    0.314296] pci 0000:00:0f.0: reg 30: [mem 0x00000000-0x00007fff pref]
<7>[    0.314643] pci 0000:00:10.0: [1000:0030] type 0 class 0x000100
<7>[    0.315247] pci 0000:00:10.0: reg 10: [io  0x1400-0x14ff]
<7>[    0.315988] pci 0000:00:10.0: reg 14: [mem 0xc8040000-0xc805ffff 64bit]
<7>[    0.316712] pci 0000:00:10.0: reg 1c: [mem 0xc8020000-0xc803ffff 64bit]
<7>[    0.317750] pci 0000:00:10.0: reg 30: [mem 0x00000000-0x00003fff pref]
<7>[    0.317975] pci 0000:00:11.0: [15ad:0790] type 1 class 0x000604
<7>[    0.319093] pci 0000:00:15.0: [15ad:07a0] type 1 class 0x000604
<7>[    0.319973] pci 0000:00:15.0: PME# supported from D0 D3hot D3cold
<7>[    0.320009] pci 0000:00:15.0: PME# disabled
<7>[    0.320381] pci 0000:00:15.1: [15ad:07a0] type 1 class 0x000604
<7>[    0.321234] pci 0000:00:15.1: PME# supported from D0 D3hot D3cold
<7>[    0.321269] pci 0000:00:15.1: PME# disabled
<7>[    0.321646] pci 0000:00:15.2: [15ad:07a0] type 1 class 0x000604
<7>[    0.322491] pci 0000:00:15.2: PME# supported from D0 D3hot D3cold
<7>[    0.322525] pci 0000:00:15.2: PME# disabled
<7>[    0.322904] pci 0000:00:15.3: [15ad:07a0] type 1 class 0x000604
<7>[    0.324105] pci 0000:00:15.3: PME# supported from D0 D3hot D3cold
<7>[    0.324141] pci 0000:00:15.3: PME# disabled
<7>[    0.324516] pci 0000:00:15.4: [15ad:07a0] type 1 class 0x000604
<7>[    0.325960] pci 0000:00:15.4: PME# supported from D0 D3hot D3cold
<7>[    0.325994] pci 0000:00:15.4: PME# disabled
<7>[    0.326351] pci 0000:00:15.5: [15ad:07a0] type 1 class 0x000604
<7>[    0.327164] pci 0000:00:15.5: PME# supported from D0 D3hot D3cold
<7>[    0.327196] pci 0000:00:15.5: PME# disabled
<7>[    0.327543] pci 0000:00:15.6: [15ad:07a0] type 1 class 0x000604
<7>[    0.328476] pci 0000:00:15.6: PME# supported from D0 D3hot D3cold
<7>[    0.328508] pci 0000:00:15.6: PME# disabled
<7>[    0.328882] pci 0000:00:15.7: [15ad:07a0] type 1 class 0x000604
<7>[    0.329725] pci 0000:00:15.7: PME# supported from D0 D3hot D3cold
<7>[    0.329762] pci 0000:00:15.7: PME# disabled
<7>[    0.330138] pci 0000:00:16.0: [15ad:07a0] type 1 class 0x000604
<7>[    0.330989] pci 0000:00:16.0: PME# supported from D0 D3hot D3cold
<7>[    0.331024] pci 0000:00:16.0: PME# disabled
<7>[    0.331394] pci 0000:00:16.1: [15ad:07a0] type 1 class 0x000604
<7>[    0.332260] pci 0000:00:16.1: PME# supported from D0 D3hot D3cold
<7>[    0.332295] pci 0000:00:16.1: PME# disabled
<7>[    0.332693] pci 0000:00:16.2: [15ad:07a0] type 1 class 0x000604
<7>[    0.333484] pci 0000:00:16.2: PME# supported from D0 D3hot D3cold
<7>[    0.333517] pci 0000:00:16.2: PME# disabled
<7>[    0.333893] pci 0000:00:16.3: [15ad:07a0] type 1 class 0x000604
<7>[    0.334708] pci 0000:00:16.3: PME# supported from D0 D3hot D3cold
<7>[    0.334741] pci 0000:00:16.3: PME# disabled
<7>[    0.335088] pci 0000:00:16.4: [15ad:07a0] type 1 class 0x000604
<7>[    0.335992] pci 0000:00:16.4: PME# supported from D0 D3hot D3cold
<7>[    0.336027] pci 0000:00:16.4: PME# disabled
<7>[    0.336399] pci 0000:00:16.5: [15ad:07a0] type 1 class 0x000604
<7>[    0.337248] pci 0000:00:16.5: PME# supported from D0 D3hot D3cold
<7>[    0.337283] pci 0000:00:16.5: PME# disabled
<7>[    0.337663] pci 0000:00:16.6: [15ad:07a0] type 1 class 0x000604
<7>[    0.338503] pci 0000:00:16.6: PME# supported from D0 D3hot D3cold
<7>[    0.338538] pci 0000:00:16.6: PME# disabled
<7>[    0.338916] pci 0000:00:16.7: [15ad:07a0] type 1 class 0x000604
<7>[    0.339762] pci 0000:00:16.7: PME# supported from D0 D3hot D3cold
<7>[    0.339797] pci 0000:00:16.7: PME# disabled
<7>[    0.340181] pci 0000:00:17.0: [15ad:07a0] type 1 class 0x000604
<7>[    0.341051] pci 0000:00:17.0: PME# supported from D0 D3hot D3cold
<7>[    0.341084] pci 0000:00:17.0: PME# disabled
<7>[    0.341433] pci 0000:00:17.1: [15ad:07a0] type 1 class 0x000604
<7>[    0.342251] pci 0000:00:17.1: PME# supported from D0 D3hot D3cold
<7>[    0.342284] pci 0000:00:17.1: PME# disabled
<7>[    0.342657] pci 0000:00:17.2: [15ad:07a0] type 1 class 0x000604
<7>[    0.343444] pci 0000:00:17.2: PME# supported from D0 D3hot D3cold
<7>[    0.343477] pci 0000:00:17.2: PME# disabled
<7>[    0.343863] pci 0000:00:17.3: [15ad:07a0] type 1 class 0x000604
<7>[    0.344785] pci 0000:00:17.3: PME# supported from D0 D3hot D3cold
<7>[    0.344818] pci 0000:00:17.3: PME# disabled
<7>[    0.345168] pci 0000:00:17.4: [15ad:07a0] type 1 class 0x000604
<7>[    0.345978] pci 0000:00:17.4: PME# supported from D0 D3hot D3cold
<7>[    0.346010] pci 0000:00:17.4: PME# disabled
<7>[    0.346357] pci 0000:00:17.5: [15ad:07a0] type 1 class 0x000604
<7>[    0.347180] pci 0000:00:17.5: PME# supported from D0 D3hot D3cold
<7>[    0.347212] pci 0000:00:17.5: PME# disabled
<7>[    0.347560] pci 0000:00:17.6: [15ad:07a0] type 1 class 0x000604
<7>[    0.348392] pci 0000:00:17.6: PME# supported from D0 D3hot D3cold
<7>[    0.348425] pci 0000:00:17.6: PME# disabled
<7>[    0.348801] pci 0000:00:17.7: [15ad:07a0] type 1 class 0x000604
<7>[    0.349614] pci 0000:00:17.7: PME# supported from D0 D3hot D3cold
<7>[    0.349659] pci 0000:00:17.7: PME# disabled
<7>[    0.350007] pci 0000:00:18.0: [15ad:07a0] type 1 class 0x000604
<7>[    0.350851] pci 0000:00:18.0: PME# supported from D0 D3hot D3cold
<7>[    0.350886] pci 0000:00:18.0: PME# disabled
<7>[    0.351258] pci 0000:00:18.1: [15ad:07a0] type 1 class 0x000604
<7>[    0.352116] pci 0000:00:18.1: PME# supported from D0 D3hot D3cold
<7>[    0.352150] pci 0000:00:18.1: PME# disabled
<7>[    0.352521] pci 0000:00:18.2: [15ad:07a0] type 1 class 0x000604
<7>[    0.353339] pci 0000:00:18.2: PME# supported from D0 D3hot D3cold
<7>[    0.353372] pci 0000:00:18.2: PME# disabled
<7>[    0.353750] pci 0000:00:18.3: [15ad:07a0] type 1 class 0x000604
<7>[    0.354538] pci 0000:00:18.3: PME# supported from D0 D3hot D3cold
<7>[    0.354571] pci 0000:00:18.3: PME# disabled
<7>[    0.355015] pci 0000:00:18.4: [15ad:07a0] type 1 class 0x000604
<7>[    0.355849] pci 0000:00:18.4: PME# supported from D0 D3hot D3cold
<7>[    0.355882] pci 0000:00:18.4: PME# disabled
<7>[    0.356229] pci 0000:00:18.5: [15ad:07a0] type 1 class 0x000604
<7>[    0.357046] pci 0000:00:18.5: PME# supported from D0 D3hot D3cold
<7>[    0.357078] pci 0000:00:18.5: PME# disabled
<7>[    0.357425] pci 0000:00:18.6: [15ad:07a0] type 1 class 0x000604
<7>[    0.358241] pci 0000:00:18.6: PME# supported from D0 D3hot D3cold
<7>[    0.358273] pci 0000:00:18.6: PME# disabled
<7>[    0.358639] pci 0000:00:18.7: [15ad:07a0] type 1 class 0x000604
<7>[    0.359437] pci 0000:00:18.7: PME# supported from D0 D3hot D3cold
<7>[    0.359469] pci 0000:00:18.7: PME# disabled
<6>[    0.360369] pci 0000:00:01.0: PCI bridge to [bus 01-01]
<7>[    0.360405] pci 0000:00:01.0:   bridge window [io  0xf000-0x0000] (disabled)
<7>[    0.360437] pci 0000:00:01.0:   bridge window [mem 0xfff00000-0x000fffff] (disabled)
<7>[    0.360470] pci 0000:00:01.0:   bridge window [mem 0xfff00000-0x000fffff pref] (disabled)
<7>[    0.360864] pci 0000:02:00.0: [15ad:0774] type 0 class 0x000c03
<7>[    0.362213] pci 0000:02:00.0: reg 20: [io  0x2080-0x209f]
<7>[    0.362981] pci 0000:02:01.0: [8086:100f] type 0 class 0x000200
<7>[    0.363855] pci 0000:02:01.0: reg 10: [mem 0xc9020000-0xc903ffff 64bit]
<7>[    0.364620] pci 0000:02:01.0: reg 18: [mem 0xc9000000-0xc900ffff 64bit]
<7>[    0.365132] pci 0000:02:01.0: reg 20: [io  0x2000-0x203f]
<7>[    0.366223] pci 0000:02:01.0: reg 30: [mem 0x00000000-0x0000ffff pref]
<7>[    0.366679] pci 0000:02:02.0: [1274:1371] type 0 class 0x000401
<7>[    0.367049] pci 0000:02:02.0: reg 10: [io  0x2040-0x207f]
<7>[    0.369082] pci 0000:02:03.0: [15ad:0770] type 0 class 0x000c03
<7>[    0.369398] pci 0000:02:03.0: reg 10: [mem 0xc9010000-0xc9010fff]
<6>[    0.371504] pci 0000:00:11.0: PCI bridge to [bus 02-02] (subtractive decode)
<7>[    0.371540] pci 0000:00:11.0:   bridge window [io  0x2000-0x3fff]
<7>[    0.371590] pci 0000:00:11.0:   bridge window [mem 0xc9000000-0xca3fffff]
<7>[    0.371661] pci 0000:00:11.0:   bridge window [mem 0xd8400000-0xd89fffff 64bit pref]
<7>[    0.371664] pci 0000:00:11.0:   bridge window [mem 0x000a0000-0x000bffff] (subtractive decode)
<7>[    0.371665] pci 0000:00:11.0:   bridge window [mem 0x000cc000-0x000cffff] (subtractive decode)
<7>[    0.371667] pci 0000:00:11.0:   bridge window [mem 0x000d0000-0x000d3fff] (subtractive decode)
<7>[    0.371668] pci 0000:00:11.0:   bridge window [mem 0x000d4000-0x000d7fff] (subtractive decode)
<7>[    0.371670] pci 0000:00:11.0:   bridge window [mem 0x000d8000-0x000dbfff] (subtractive decode)
<7>[    0.371671] pci 0000:00:11.0:   bridge window [mem 0xc0000000-0xfebfffff] (subtractive decode)
<7>[    0.371673] pci 0000:00:11.0:   bridge window [io  0x0000-0x0cf7] (subtractive decode)
<7>[    0.371674] pci 0000:00:11.0:   bridge window [io  0x0d00-0xfeff] (subtractive decode)
<6>[    0.372396] pci 0000:00:15.0: PCI bridge to [bus 03-03]
<7>[    0.372429] pci 0000:00:15.0:   bridge window [io  0x4000-0x4fff]
<7>[    0.372462] pci 0000:00:15.0:   bridge window [mem 0xca400000-0xca4fffff]
<7>[    0.372524] pci 0000:00:15.0:   bridge window [mem 0xd8a00000-0xd8afffff 64bit pref]
<6>[    0.373365] pci 0000:00:15.1: PCI bridge to [bus 04-04]
<7>[    0.373400] pci 0000:00:15.1:   bridge window [io  0x8000-0x8fff]
<7>[    0.373446] pci 0000:00:15.1:   bridge window [mem 0xca800000-0xca8fffff]
<7>[    0.373518] pci 0000:00:15.1:   bridge window [mem 0xd8e00000-0xd8efffff 64bit pref]
<6>[    0.374318] pci 0000:00:15.2: PCI bridge to [bus 05-05]
<7>[    0.374352] pci 0000:00:15.2:   bridge window [io  0xc000-0xcfff]
<7>[    0.374385] pci 0000:00:15.2:   bridge window [mem 0xcac00000-0xcacfffff]
<7>[    0.374459] pci 0000:00:15.2:   bridge window [mem 0xd9200000-0xd92fffff 64bit pref]
<6>[    0.375240] pci 0000:00:15.3: PCI bridge to [bus 06-06]
<7>[    0.375277] pci 0000:00:15.3:   bridge window [io  0xf000-0x0000] (disabled)
<7>[    0.375312] pci 0000:00:15.3:   bridge window [mem 0xcb000000-0xcb0fffff]
<7>[    0.375378] pci 0000:00:15.3:   bridge window [mem 0xd9600000-0xd96fffff 64bit pref]
<6>[    0.376161] pci 0000:00:15.4: PCI bridge to [bus 07-07]
<7>[    0.376197] pci 0000:00:15.4:   bridge window [io  0xf000-0x0000] (disabled)
<7>[    0.376232] pci 0000:00:15.4:   bridge window [mem 0xcb400000-0xcb4fffff]
<7>[    0.376297] pci 0000:00:15.4:   bridge window [mem 0xd9a00000-0xd9afffff 64bit pref]
<6>[    0.377039] pci 0000:00:15.5: PCI bridge to [bus 08-08]
<7>[    0.377074] pci 0000:00:15.5:   bridge window [io  0xf000-0x0000] (disabled)
<7>[    0.377109] pci 0000:00:15.5:   bridge window [mem 0xcb800000-0xcb8fffff]
<7>[    0.377175] pci 0000:00:15.5:   bridge window [mem 0xd9e00000-0xd9efffff 64bit pref]
<6>[    0.377926] pci 0000:00:15.6: PCI bridge to [bus 09-09]
<7>[    0.377963] pci 0000:00:15.6:   bridge window [io  0xf000-0x0000] (disabled)
<7>[    0.377998] pci 0000:00:15.6:   bridge window [mem 0xcbc00000-0xcbcfffff]
<7>[    0.378064] pci 0000:00:15.6:   bridge window [mem 0xda200000-0xda2fffff 64bit pref]
<6>[    0.378818] pci 0000:00:15.7: PCI bridge to [bus 0a-0a]
<7>[    0.378852] pci 0000:00:15.7:   bridge window [io  0xf000-0x0000] (disabled)
<7>[    0.378884] pci 0000:00:15.7:   bridge window [mem 0xcc000000-0xcc0fffff]
<7>[    0.378946] pci 0000:00:15.7:   bridge window [mem 0xda600000-0xda6fffff 64bit pref]
<6>[    0.379674] pci 0000:00:16.0: PCI bridge to [bus 0b-0b]
<7>[    0.379710] pci 0000:00:16.0:   bridge window [io  0x5000-0x5fff]
<7>[    0.379745] pci 0000:00:16.0:   bridge window [mem 0xca500000-0xca5fffff]
<7>[    0.379827] pci 0000:00:16.0:   bridge window [mem 0xd8b00000-0xd8bfffff 64bit pref]
<6>[    0.380603] pci 0000:00:16.1: PCI bridge to [bus 0c-0c]
<7>[    0.380642] pci 0000:00:16.1:   bridge window [io  0x9000-0x9fff]
<7>[    0.380677] pci 0000:00:16.1:   bridge window [mem 0xca900000-0xca9fffff]
<7>[    0.380745] pci 0000:00:16.1:   bridge window [mem 0xd8f00000-0xd8ffffff 64bit pref]
<6>[    0.381516] pci 0000:00:16.2: PCI bridge to [bus 0d-0d]
<7>[    0.381555] pci 0000:00:16.2:   bridge window [io  0xd000-0xdfff]
<7>[    0.381590] pci 0000:00:16.2:   bridge window [mem 0xcad00000-0xcadfffff]
<7>[    0.381657] pci 0000:00:16.2:   bridge window [mem 0xd9300000-0xd93fffff 64bit pref]
<6>[    0.382435] pci 0000:00:16.3: PCI bridge to [bus 0e-0e]
<7>[    0.382474] pci 0000:00:16.3:   bridge window [io  0xf000-0x0000] (disabled)
<7>[    0.382510] pci 0000:00:16.3:   bridge window [mem 0xcb100000-0xcb1fffff]
<7>[    0.382586] pci 0000:00:16.3:   bridge window [mem 0xd9700000-0xd97fffff 64bit pref]
<6>[    0.383387] pci 0000:00:16.4: PCI bridge to [bus 0f-0f]
<7>[    0.383425] pci 0000:00:16.4:   bridge window [io  0xf000-0x0000] (disabled)
<7>[    0.383461] pci 0000:00:16.4:   bridge window [mem 0xcb500000-0xcb5fffff]
<7>[    0.383537] pci 0000:00:16.4:   bridge window [mem 0xd9b00000-0xd9bfffff 64bit pref]
<6>[    0.384419] pci 0000:00:16.5: PCI bridge to [bus 10-10]
<7>[    0.384458] pci 0000:00:16.5:   bridge window [io  0xf000-0x0000] (disabled)
<7>[    0.384494] pci 0000:00:16.5:   bridge window [mem 0xcb900000-0xcb9fffff]
<7>[    0.384590] pci 0000:00:16.5:   bridge window [mem 0xd9f00000-0xd9ffffff 64bit pref]
<6>[    0.385376] pci 0000:00:16.6: PCI bridge to [bus 11-11]
<7>[    0.385415] pci 0000:00:16.6:   bridge window [io  0xf000-0x0000] (disabled)
<7>[    0.385451] pci 0000:00:16.6:   bridge window [mem 0xcbd00000-0xcbdfffff]
<7>[    0.385519] pci 0000:00:16.6:   bridge window [mem 0xda300000-0xda3fffff 64bit pref]
<6>[    0.386305] pci 0000:00:16.7: PCI bridge to [bus 12-12]
<7>[    0.386344] pci 0000:00:16.7:   bridge window [io  0xf000-0x0000] (disabled)
<7>[    0.386381] pci 0000:00:16.7:   bridge window [mem 0xcc100000-0xcc1fffff]
<7>[    0.386450] pci 0000:00:16.7:   bridge window [mem 0xda700000-0xda7fffff 64bit pref]
<6>[    0.388475] pci 0000:00:17.0: PCI bridge to [bus 13-13]
<7>[    0.388534] pci 0000:00:17.0:   bridge window [io  0x6000-0x6fff]
<7>[    0.388587] pci 0000:00:17.0:   bridge window [mem 0xca600000-0xca6fffff]
<7>[    0.388665] pci 0000:00:17.0:   bridge window [mem 0xd8c00000-0xd8cfffff 64bit pref]
<6>[    0.389407] pci 0000:00:17.1: PCI bridge to [bus 14-14]
<7>[    0.389443] pci 0000:00:17.1:   bridge window [io  0xa000-0xafff]
<7>[    0.389478] pci 0000:00:17.1:   bridge window [mem 0xcaa00000-0xcaafffff]
<7>[    0.389577] pci 0000:00:17.1:   bridge window [mem 0xd9000000-0xd90fffff 64bit pref]
<6>[    0.390277] pci 0000:00:17.2: PCI bridge to [bus 15-15]
<7>[    0.390310] pci 0000:00:17.2:   bridge window [io  0xe000-0xefff]
<7>[    0.390343] pci 0000:00:17.2:   bridge window [mem 0xcae00000-0xcaefffff]
<7>[    0.390404] pci 0000:00:17.2:   bridge window [mem 0xd9400000-0xd94fffff 64bit pref]
<6>[    0.391131] pci 0000:00:17.3: PCI bridge to [bus 16-16]
<7>[    0.391164] pci 0000:00:17.3:   bridge window [io  0xf000-0x0000] (disabled)
<7>[    0.391197] pci 0000:00:17.3:   bridge window [mem 0xcb200000-0xcb2fffff]
<7>[    0.391259] pci 0000:00:17.3:   bridge window [mem 0xd9800000-0xd98fffff 64bit pref]
<6>[    0.392000] pci 0000:00:17.4: PCI bridge to [bus 17-17]
<7>[    0.392033] pci 0000:00:17.4:   bridge window [io  0xf000-0x0000] (disabled)
<7>[    0.392066] pci 0000:00:17.4:   bridge window [mem 0xcb600000-0xcb6fffff]
<7>[    0.392127] pci 0000:00:17.4:   bridge window [mem 0xd9c00000-0xd9cfffff 64bit pref]
<6>[    0.392845] pci 0000:00:17.5: PCI bridge to [bus 18-18]
<7>[    0.392878] pci 0000:00:17.5:   bridge window [io  0xf000-0x0000] (disabled)
<7>[    0.392911] pci 0000:00:17.5:   bridge window [mem 0xcba00000-0xcbafffff]
<7>[    0.392972] pci 0000:00:17.5:   bridge window [mem 0xda000000-0xda0fffff 64bit pref]
<6>[    0.393685] pci 0000:00:17.6: PCI bridge to [bus 19-19]
<7>[    0.393718] pci 0000:00:17.6:   bridge window [io  0xf000-0x0000] (disabled)
<7>[    0.393751] pci 0000:00:17.6:   bridge window [mem 0xcbe00000-0xcbefffff]
<7>[    0.393812] pci 0000:00:17.6:   bridge window [mem 0xda400000-0xda4fffff 64bit pref]
<6>[    0.394497] pci 0000:00:17.7: PCI bridge to [bus 1a-1a]
<7>[    0.394577] pci 0000:00:17.7:   bridge window [io  0xf000-0x0000] (disabled)
<7>[    0.394619] pci 0000:00:17.7:   bridge window [mem 0xcc200000-0xcc2fffff]
<7>[    0.394686] pci 0000:00:17.7:   bridge window [mem 0xda800000-0xda8fffff 64bit pref]
<6>[    0.395438] pci 0000:00:18.0: PCI bridge to [bus 1b-1b]
<7>[    0.395474] pci 0000:00:18.0:   bridge window [io  0x7000-0x7fff]
<7>[    0.395517] pci 0000:00:18.0:   bridge window [mem 0xca700000-0xca7fffff]
<7>[    0.395584] pci 0000:00:18.0:   bridge window [mem 0xd8d00000-0xd8dfffff 64bit pref]
<6>[    0.396334] pci 0000:00:18.1: PCI bridge to [bus 1c-1c]
<7>[    0.396370] pci 0000:00:18.1:   bridge window [io  0xb000-0xbfff]
<7>[    0.396404] pci 0000:00:18.1:   bridge window [mem 0xcab00000-0xcabfffff]
<7>[    0.396470] pci 0000:00:18.1:   bridge window [mem 0xd9100000-0xd91fffff 64bit pref]
<6>[    0.397212] pci 0000:00:18.2: PCI bridge to [bus 1d-1d]
<7>[    0.397248] pci 0000:00:18.2:   bridge window [io  0xf000-0xffff]
<7>[    0.397282] pci 0000:00:18.2:   bridge window [mem 0xcaf00000-0xcaffffff]
<7>[    0.397348] pci 0000:00:18.2:   bridge window [mem 0xd9500000-0xd95fffff 64bit pref]
<6>[    0.398131] pci 0000:00:18.3: PCI bridge to [bus 1e-1e]
<7>[    0.398185] pci 0000:00:18.3:   bridge window [io  0xf000-0x0000] (disabled)
<7>[    0.398222] pci 0000:00:18.3:   bridge window [mem 0xcb300000-0xcb3fffff]
<7>[    0.398291] pci 0000:00:18.3:   bridge window [mem 0xd9900000-0xd99fffff 64bit pref]
<6>[    0.399085] pci 0000:00:18.4: PCI bridge to [bus 1f-1f]
<7>[    0.399121] pci 0000:00:18.4:   bridge window [io  0xf000-0x0000] (disabled)
<7>[    0.399156] pci 0000:00:18.4:   bridge window [mem 0xcb700000-0xcb7fffff]
<7>[    0.399222] pci 0000:00:18.4:   bridge window [mem 0xd9d00000-0xd9dfffff 64bit pref]
<6>[    0.399988] pci 0000:00:18.5: PCI bridge to [bus 20-20]
<7>[    0.400024] pci 0000:00:18.5:   bridge window [io  0xf000-0x0000] (disabled)
<7>[    0.400058] pci 0000:00:18.5:   bridge window [mem 0xcbb00000-0xcbbfffff]
<7>[    0.400124] pci 0000:00:18.5:   bridge window [mem 0xda100000-0xda1fffff 64bit pref]
<6>[    0.400864] pci 0000:00:18.6: PCI bridge to [bus 21-21]
<7>[    0.400899] pci 0000:00:18.6:   bridge window [io  0xf000-0x0000] (disabled)
<7>[    0.400934] pci 0000:00:18.6:   bridge window [mem 0xcbf00000-0xcbffffff]
<7>[    0.401000] pci 0000:00:18.6:   bridge window [mem 0xda500000-0xda5fffff 64bit pref]
<6>[    0.401741] pci 0000:00:18.7: PCI bridge to [bus 22-22]
<7>[    0.401777] pci 0000:00:18.7:   bridge window [io  0xf000-0x0000] (disabled)
<7>[    0.401812] pci 0000:00:18.7:   bridge window [mem 0xcc300000-0xcc3fffff]
<7>[    0.401877] pci 0000:00:18.7:   bridge window [mem 0xda900000-0xda9fffff 64bit pref]
<7>[    0.405016] ACPI: PCI Interrupt Routing Table [\_SB_.PCI0._PRT]
<6>[    0.405766]  pci0000:00: Requesting ACPI _OSC control (0x1d)
<6>[    0.406097]  pci0000:00: ACPI _OSC control (0x15) granted
<6>[    0.537397] ACPI: PCI Interrupt Link [LNKA] (IRQs 3 4 5 6 7 *9 10 11 14 15)
<6>[    0.537503] ACPI: PCI Interrupt Link [LNKB] (IRQs 3 4 5 6 7 9 10 *11 14 15)
<6>[    0.537602] ACPI: PCI Interrupt Link [LNKC] (IRQs 3 4 5 6 7 9 *10 11 14 15)
<6>[    0.537701] ACPI: PCI Interrupt Link [LNKD] (IRQs 3 4 *5 6 7 9 10 11 14 15)
<6>[    0.538006] vgaarb: device added: PCI:0000:00:0f.0,decodes=io+mem,owns=io+mem,locks=none
<6>[    0.538021] vgaarb: loaded
<6>[    0.538364] PCI: Using ACPI for IRQ routing
<7>[    0.666344] PCI: pci_cache_line_size set to 64 bytes
<6>[    0.666372] pci 0000:00:18.2: no compatible bridge window for [io  0xf000-0xffff]
<7>[    0.668328] reserve RAM buffer: 000000000009f000 - 000000000009ffff 
<7>[    0.668332] reserve RAM buffer: 000000007fee0000 - 000000007fffffff 
<6>[    0.668859] NetLabel: Initializing
<6>[    0.668863] NetLabel:  domain hash size = 128
<6>[    0.668865] NetLabel:  protocols = UNLABELED CIPSOv4
<6>[    0.668892] NetLabel:  unlabeled traffic allowed by default
<6>[    0.669202] hpet0: at MMIO 0xfed00000, IRQs 2, 8, 0, 0, 0, 0, 0, 0, 0, 0, 0, 0, 0, 0, 0, 0
<6>[    0.669214] hpet0: 16 comparators, 64-bit 14.318180 MHz counter
<6>[    0.674404] Switching to clocksource hpet
<6>[    0.675434] Switched to NOHz mode on CPU #0
<6>[    0.677962] AppArmor: AppArmor Filesystem Enabled
<6>[    0.678025] pnp: PnP ACPI init
<6>[    0.678046] ACPI: bus type pnp registered
<7>[    0.679781] pnp 00:00: [bus 00-ff]
<7>[    0.679785] pnp 00:00: [mem 0x000a0000-0x000bffff window]
<7>[    0.679787] pnp 00:00: [mem 0x000c0000-0x000c3fff window]
<7>[    0.679790] pnp 00:00: [mem 0x000c4000-0x000c7fff window]
<7>[    0.679792] pnp 00:00: [mem 0x000c8000-0x000cbfff window]
<7>[    0.679794] pnp 00:00: [mem 0x000cc000-0x000cffff window]
<7>[    0.679796] pnp 00:00: [mem 0x000d0000-0x000d3fff window]
<7>[    0.679799] pnp 00:00: [mem 0x000d4000-0x000d7fff window]
<7>[    0.679801] pnp 00:00: [mem 0x000d8000-0x000dbfff window]
<7>[    0.679803] pnp 00:00: [mem 0x000dc000-0x000dffff window]
<7>[    0.679806] pnp 00:00: [mem 0x000e0000-0x000e3fff window]
<7>[    0.679808] pnp 00:00: [mem 0x000e4000-0x000e7fff window]
<7>[    0.679810] pnp 00:00: [mem 0x000e8000-0x000ebfff window]
<7>[    0.679812] pnp 00:00: [mem 0x000ec000-0x000effff window]
<7>[    0.679814] pnp 00:00: [mem 0xc0000000-0xfebfffff window]
<7>[    0.679817] pnp 00:00: [io  0x0cf8-0x0cff]
<7>[    0.679819] pnp 00:00: [io  0x0000-0x0cf7 window]
<7>[    0.679821] pnp 00:00: [io  0x0d00-0xfeff window]
<7>[    0.679939] pnp 00:00: Plug and Play ACPI device, IDs PNP0a03 PNP0a08 (active)
<7>[    0.680119] pnp 00:01: [io  0x0010-0x001f]
<7>[    0.680121] pnp 00:01: [io  0x0024-0x0025]
<7>[    0.680123] pnp 00:01: [io  0x0028-0x0029]
<7>[    0.680124] pnp 00:01: [io  0x002c-0x002d]
<7>[    0.680125] pnp 00:01: [io  0x002e-0x002f]
<7>[    0.680132] pnp 00:01: [io  0x0030-0x0031]
<7>[    0.680134] pnp 00:01: [io  0x0034-0x0035]
<7>[    0.680136] pnp 00:01: [io  0x0038-0x0039]
<7>[    0.680137] pnp 00:01: [io  0x003c-0x003d]
<7>[    0.680138] pnp 00:01: [io  0x0050-0x0053]
<7>[    0.680140] pnp 00:01: [io  0x0072-0x0077]
<7>[    0.680141] pnp 00:01: [io  0x0080]
<7>[    0.680143] pnp 00:01: [io  0x0090-0x009f]
<7>[    0.680145] pnp 00:01: [io  0x00a4-0x00a5]
<7>[    0.680146] pnp 00:01: [io  0x00a8-0x00a9]
<7>[    0.680147] pnp 00:01: [io  0x00ac-0x00ad]
<7>[    0.680148] pnp 00:01: [io  0x00b0-0x00b5]
<7>[    0.680149] pnp 00:01: [io  0x00b8-0x00b9]
<7>[    0.680150] pnp 00:01: [io  0x00bc-0x00bd]
<7>[    0.680151] pnp 00:01: [io  0x1000-0x103f]
<7>[    0.680152] pnp 00:01: [io  0x1040-0x104f]
<7>[    0.680154] pnp 00:01: [io  0x0cf0-0x0cf1]
<6>[    0.680214] system 00:01: [io  0x1000-0x103f] has been reserved
<6>[    0.680219] system 00:01: [io  0x1040-0x104f] has been reserved
<6>[    0.680222] system 00:01: [io  0x0cf0-0x0cf1] has been reserved
<7>[    0.680224] system 00:01: Plug and Play ACPI device, IDs PNP0c02 (active)
<7>[    0.680234] pnp 00:02: [io  0x0000-0x000f]
<7>[    0.680236] pnp 00:02: [io  0x0081-0x008f]
<7>[    0.680237] pnp 00:02: [io  0x00c0-0x00df]
<7>[    0.680238] pnp 00:02: [dma 4]
<7>[    0.680252] pnp 00:02: Plug and Play ACPI device, IDs PNP0200 (active)
<7>[    0.680259] pnp 00:03: [io  0x0020-0x0021]
<7>[    0.680260] pnp 00:03: [io  0x00a0-0x00a1]
<7>[    0.680262] pnp 00:03: [io  0x04d0-0x04d1]
<7>[    0.680263] pnp 00:03: [irq 2 disabled]
<7>[    0.680300] pnp 00:03: Plug and Play ACPI device, IDs PNP0001 (active)
<7>[    0.680314] pnp 00:04: [io  0x0070-0x0071]
<7>[    0.680355] pnp 00:04: [irq 8]
<7>[    0.680373] pnp 00:04: Plug and Play ACPI device, IDs PNP0b00 (active)
<7>[    0.680381] pnp 00:05: [io  0x0061]
<7>[    0.680416] pnp 00:05: Plug and Play ACPI device, IDs PNP0800 (active)
<7>[    0.680444] pnp 00:06: [io  0x0060]
<7>[    0.680445] pnp 00:06: [io  0x0064]
<7>[    0.680494] pnp 00:06: [irq 1]
<7>[    0.680513] pnp 00:06: Plug and Play ACPI device, IDs PNP0303 (active)
<7>[    0.680551] pnp 00:07: [irq 12]
<7>[    0.680568] pnp 00:07: Plug and Play ACPI device, IDs PNP0f13 (active)
<7>[    0.680849] pnp 00:08: [mem 0xfed00000-0xfed003ff]
<6>[    0.691442] system 00:08: [mem 0xfed00000-0xfed003ff] has been reserved
<7>[    0.691452] system 00:08: Plug and Play ACPI device, IDs PNP0103 PNP0c01 (active)
<7>[    0.697297] pnp 00:09: [io  0x0378-0x037f]
<7>[    0.697359] pnp 00:09: [irq 7]
<7>[    0.699212] pnp 00:09: Plug and Play ACPI device, IDs PNP0400 (active)
<7>[    0.704015] pnp 00:0a: [io  0x03f8-0x03ff]
<7>[    0.704056] pnp 00:0a: [irq 4]
<7>[    0.705357] pnp 00:0a: Plug and Play ACPI device, IDs PNP0501 (active)
<7>[    0.709374] pnp 00:0b: [io  0x02f8-0x02ff]
<7>[    0.709412] pnp 00:0b: [irq 3]
<7>[    0.710820] pnp 00:0b: Plug and Play ACPI device, IDs PNP0501 (active)
<7>[    0.716578] pnp 00:0c: [io  0x03f0-0x03f5]
<7>[    0.716580] pnp 00:0c: [io  0x03f7]
<7>[    0.716616] pnp 00:0c: [irq 6]
<7>[    0.716617] pnp 00:0c: [dma 2]
<7>[    0.717746] pnp 00:0c: Plug and Play ACPI device, IDs PNP0700 (active)
<7>[    0.718038] pnp 00:0d: [mem 0xe0000000-0xefffffff]
<7>[    0.718040] pnp 00:0d: [io  0x1060-0x107f]
<7>[    0.718041] pnp 00:0d: [mem 0xc8200000-0xc83fffff]
<6>[    0.718099] system 00:0d: [io  0x1060-0x107f] has been reserved
<6>[    0.718106] system 00:0d: [mem 0xe0000000-0xefffffff] has been reserved
<6>[    0.718108] system 00:0d: [mem 0xc8200000-0xc83fffff] has been reserved
<7>[    0.718111] system 00:0d: Plug and Play ACPI device, IDs PNP0c02 (active)
<6>[    0.726223] pnp: PnP ACPI: found 14 devices
<6>[    0.726228] ACPI: ACPI bus type pnp unregistered
<7>[    0.749355] PCI: max bus depth: 1 pci_try_num: 2
<6>[    0.752466] pci 0000:00:0f.0: BAR 6: assigned [mem 0xc0000000-0xc0007fff pref]
<6>[    0.752473] pci 0000:00:10.0: BAR 6: assigned [mem 0xc0008000-0xc000bfff pref]
<6>[    0.752477] pci 0000:00:18.7: BAR 13: can't assign io (size 0x1000)
<6>[    0.752480] pci 0000:00:18.6: BAR 13: can't assign io (size 0x1000)
<6>[    0.752482] pci 0000:00:18.5: BAR 13: can't assign io (size 0x1000)
<6>[    0.752485] pci 0000:00:18.4: BAR 13: can't assign io (size 0x1000)
<6>[    0.752487] pci 0000:00:18.3: BAR 13: can't assign io (size 0x1000)
<6>[    0.752489] pci 0000:00:18.2: BAR 13: can't assign io (size 0x1000)
<6>[    0.752492] pci 0000:00:17.7: BAR 13: can't assign io (size 0x1000)
<6>[    0.752494] pci 0000:00:17.6: BAR 13: can't assign io (size 0x1000)
<6>[    0.752497] pci 0000:00:17.5: BAR 13: can't assign io (size 0x1000)
<6>[    0.752499] pci 0000:00:17.4: BAR 13: can't assign io (size 0x1000)
<6>[    0.752501] pci 0000:00:17.3: BAR 13: can't assign io (size 0x1000)
<6>[    0.752504] pci 0000:00:16.7: BAR 13: can't assign io (size 0x1000)
<6>[    0.752506] pci 0000:00:16.6: BAR 13: can't assign io (size 0x1000)
<6>[    0.752509] pci 0000:00:16.5: BAR 13: can't assign io (size 0x1000)
<6>[    0.752511] pci 0000:00:16.4: BAR 13: can't assign io (size 0x1000)
<6>[    0.752513] pci 0000:00:16.3: BAR 13: can't assign io (size 0x1000)
<6>[    0.752516] pci 0000:00:15.7: BAR 13: can't assign io (size 0x1000)
<6>[    0.752518] pci 0000:00:15.6: BAR 13: can't assign io (size 0x1000)
<6>[    0.752521] pci 0000:00:15.5: BAR 13: can't assign io (size 0x1000)
<6>[    0.752523] pci 0000:00:15.4: BAR 13: can't assign io (size 0x1000)
<6>[    0.752525] pci 0000:00:15.3: BAR 13: can't assign io (size 0x1000)
<6>[    0.752528] pci 0000:00:01.0: PCI bridge to [bus 01-01]
<6>[    0.752530] pci 0000:00:01.0:   bridge window [io  disabled]
<6>[    0.752578] pci 0000:00:01.0:   bridge window [mem disabled]
<6>[    0.752611] pci 0000:00:01.0:   bridge window [mem pref disabled]
<6>[    0.752676] pci 0000:02:01.0: BAR 6: assigned [mem 0xd8400000-0xd840ffff pref]
<6>[    0.752679] pci 0000:00:11.0: PCI bridge to [bus 02-02]
<6>[    0.752697] pci 0000:00:11.0:   bridge window [io  0x2000-0x3fff]
<6>[    0.752744] pci 0000:00:11.0:   bridge window [mem 0xc9000000-0xca3fffff]
<6>[    0.752777] pci 0000:00:11.0:   bridge window [mem 0xd8400000-0xd89fffff 64bit pref]
<6>[    0.752840] pci 0000:00:15.0: PCI bridge to [bus 03-03]
<6>[    0.752860] pci 0000:00:15.0:   bridge window [io  0x4000-0x4fff]
<6>[    0.752925] pci 0000:00:15.0:   bridge window [mem 0xca400000-0xca4fffff]
<6>[    0.752958] pci 0000:00:15.0:   bridge window [mem 0xd8a00000-0xd8afffff 64bit pref]
<6>[    0.753059] pci 0000:00:15.1: PCI bridge to [bus 04-04]
<6>[    0.753080] pci 0000:00:15.1:   bridge window [io  0x8000-0x8fff]
<6>[    0.753127] pci 0000:00:15.1:   bridge window [mem 0xca800000-0xca8fffff]
<6>[    0.753161] pci 0000:00:15.1:   bridge window [mem 0xd8e00000-0xd8efffff 64bit pref]
<6>[    0.753237] pci 0000:00:15.2: PCI bridge to [bus 05-05]
<6>[    0.753257] pci 0000:00:15.2:   bridge window [io  0xc000-0xcfff]
<6>[    0.753305] pci 0000:00:15.2:   bridge window [mem 0xcac00000-0xcacfffff]
<6>[    0.753338] pci 0000:00:15.2:   bridge window [mem 0xd9200000-0xd92fffff 64bit pref]
<6>[    0.753413] pci 0000:00:15.3: PCI bridge to [bus 06-06]
<6>[    0.753416] pci 0000:00:15.3:   bridge window [io  disabled]
<6>[    0.753464] pci 0000:00:15.3:   bridge window [mem 0xcb000000-0xcb0fffff]
<6>[    0.753497] pci 0000:00:15.3:   bridge window [mem 0xd9600000-0xd96fffff 64bit pref]
<6>[    0.753573] pci 0000:00:15.4: PCI bridge to [bus 07-07]
<6>[    0.753575] pci 0000:00:15.4:   bridge window [io  disabled]
<6>[    0.753623] pci 0000:00:15.4:   bridge window [mem 0xcb400000-0xcb4fffff]
<6>[    0.753656] pci 0000:00:15.4:   bridge window [mem 0xd9a00000-0xd9afffff 64bit pref]
<6>[    0.753731] pci 0000:00:15.5: PCI bridge to [bus 08-08]
<6>[    0.753734] pci 0000:00:15.5:   bridge window [io  disabled]
<6>[    0.753782] pci 0000:00:15.5:   bridge window [mem 0xcb800000-0xcb8fffff]
<6>[    0.753815] pci 0000:00:15.5:   bridge window [mem 0xd9e00000-0xd9efffff 64bit pref]
<6>[    0.753923] pci 0000:00:15.6: PCI bridge to [bus 09-09]
<6>[    0.753925] pci 0000:00:15.6:   bridge window [io  disabled]
<6>[    0.753978] pci 0000:00:15.6:   bridge window [mem 0xcbc00000-0xcbcfffff]
<6>[    0.754020] pci 0000:00:15.6:   bridge window [mem 0xda200000-0xda2fffff 64bit pref]
<6>[    0.754114] pci 0000:00:15.7: PCI bridge to [bus 0a-0a]
<6>[    0.754116] pci 0000:00:15.7:   bridge window [io  disabled]
<6>[    0.754168] pci 0000:00:15.7:   bridge window [mem 0xcc000000-0xcc0fffff]
<6>[    0.754203] pci 0000:00:15.7:   bridge window [mem 0xda600000-0xda6fffff 64bit pref]
<6>[    0.754334] pci 0000:00:16.0: PCI bridge to [bus 0b-0b]
<6>[    0.754354] pci 0000:00:16.0:   bridge window [io  0x5000-0x5fff]
<6>[    0.754402] pci 0000:00:16.0:   bridge window [mem 0xca500000-0xca5fffff]
<6>[    0.754435] pci 0000:00:16.0:   bridge window [mem 0xd8b00000-0xd8bfffff 64bit pref]
<6>[    0.754510] pci 0000:00:16.1: PCI bridge to [bus 0c-0c]
<6>[    0.754530] pci 0000:00:16.1:   bridge window [io  0x9000-0x9fff]
<6>[    0.754578] pci 0000:00:16.1:   bridge window [mem 0xca900000-0xca9fffff]
<6>[    0.754611] pci 0000:00:16.1:   bridge window [mem 0xd8f00000-0xd8ffffff 64bit pref]
<6>[    0.754686] pci 0000:00:16.2: PCI bridge to [bus 0d-0d]
<6>[    0.754706] pci 0000:00:16.2:   bridge window [io  0xd000-0xdfff]
<6>[    0.754753] pci 0000:00:16.2:   bridge window [mem 0xcad00000-0xcadfffff]
<6>[    0.754786] pci 0000:00:16.2:   bridge window [mem 0xd9300000-0xd93fffff 64bit pref]
<6>[    0.754872] pci 0000:00:16.3: PCI bridge to [bus 0e-0e]
<6>[    0.754875] pci 0000:00:16.3:   bridge window [io  disabled]
<6>[    0.754933] pci 0000:00:16.3:   bridge window [mem 0xcb100000-0xcb1fffff]
<6>[    0.754966] pci 0000:00:16.3:   bridge window [mem 0xd9700000-0xd97fffff 64bit pref]
<6>[    0.755042] pci 0000:00:16.4: PCI bridge to [bus 0f-0f]
<6>[    0.755044] pci 0000:00:16.4:   bridge window [io  disabled]
<6>[    0.755092] pci 0000:00:16.4:   bridge window [mem 0xcb500000-0xcb5fffff]
<6>[    0.755125] pci 0000:00:16.4:   bridge window [mem 0xd9b00000-0xd9bfffff 64bit pref]
<6>[    0.755201] pci 0000:00:16.5: PCI bridge to [bus 10-10]
<6>[    0.755203] pci 0000:00:16.5:   bridge window [io  disabled]
<6>[    0.755251] pci 0000:00:16.5:   bridge window [mem 0xcb900000-0xcb9fffff]
<6>[    0.755284] pci 0000:00:16.5:   bridge window [mem 0xd9f00000-0xd9ffffff 64bit pref]
<6>[    0.755360] pci 0000:00:16.6: PCI bridge to [bus 11-11]
<6>[    0.755362] pci 0000:00:16.6:   bridge window [io  disabled]
<6>[    0.755410] pci 0000:00:16.6:   bridge window [mem 0xcbd00000-0xcbdfffff]
<6>[    0.755443] pci 0000:00:16.6:   bridge window [mem 0xda300000-0xda3fffff 64bit pref]
<6>[    0.755518] pci 0000:00:16.7: PCI bridge to [bus 12-12]
<6>[    0.755520] pci 0000:00:16.7:   bridge window [io  disabled]
<6>[    0.755569] pci 0000:00:16.7:   bridge window [mem 0xcc100000-0xcc1fffff]
<6>[    0.755602] pci 0000:00:16.7:   bridge window [mem 0xda700000-0xda7fffff 64bit pref]
<6>[    0.755677] pci 0000:00:17.0: PCI bridge to [bus 13-13]
<6>[    0.755697] pci 0000:00:17.0:   bridge window [io  0x6000-0x6fff]
<6>[    0.755744] pci 0000:00:17.0:   bridge window [mem 0xca600000-0xca6fffff]
<6>[    0.755777] pci 0000:00:17.0:   bridge window [mem 0xd8c00000-0xd8cfffff 64bit pref]
<6>[    0.755856] pci 0000:00:17.1: PCI bridge to [bus 14-14]
<6>[    0.755887] pci 0000:00:17.1:   bridge window [io  0xa000-0xafff]
<6>[    0.755943] pci 0000:00:17.1:   bridge window [mem 0xcaa00000-0xcaafffff]
<6>[    0.755976] pci 0000:00:17.1:   bridge window [mem 0xd9000000-0xd90fffff 64bit pref]
<6>[    0.756052] pci 0000:00:17.2: PCI bridge to [bus 15-15]
<6>[    0.756072] pci 0000:00:17.2:   bridge window [io  0xe000-0xefff]
<6>[    0.756119] pci 0000:00:17.2:   bridge window [mem 0xcae00000-0xcaefffff]
<6>[    0.756152] pci 0000:00:17.2:   bridge window [mem 0xd9400000-0xd94fffff 64bit pref]
<6>[    0.756228] pci 0000:00:17.3: PCI bridge to [bus 16-16]
<6>[    0.756230] pci 0000:00:17.3:   bridge window [io  disabled]
<6>[    0.756279] pci 0000:00:17.3:   bridge window [mem 0xcb200000-0xcb2fffff]
<6>[    0.756312] pci 0000:00:17.3:   bridge window [mem 0xd9800000-0xd98fffff 64bit pref]
<6>[    0.756387] pci 0000:00:17.4: PCI bridge to [bus 17-17]
<6>[    0.756389] pci 0000:00:17.4:   bridge window [io  disabled]
<6>[    0.756437] pci 0000:00:17.4:   bridge window [mem 0xcb600000-0xcb6fffff]
<6>[    0.756470] pci 0000:00:17.4:   bridge window [mem 0xd9c00000-0xd9cfffff 64bit pref]
<6>[    0.756545] pci 0000:00:17.5: PCI bridge to [bus 18-18]
<6>[    0.756547] pci 0000:00:17.5:   bridge window [io  disabled]
<6>[    0.756596] pci 0000:00:17.5:   bridge window [mem 0xcba00000-0xcbafffff]
<6>[    0.756629] pci 0000:00:17.5:   bridge window [mem 0xda000000-0xda0fffff 64bit pref]
<6>[    0.756704] pci 0000:00:17.6: PCI bridge to [bus 19-19]
<6>[    0.756706] pci 0000:00:17.6:   bridge window [io  disabled]
<6>[    0.756755] pci 0000:00:17.6:   bridge window [mem 0xcbe00000-0xcbefffff]
<6>[    0.756788] pci 0000:00:17.6:   bridge window [mem 0xda400000-0xda4fffff 64bit pref]
<6>[    0.756880] pci 0000:00:17.7: PCI bridge to [bus 1a-1a]
<6>[    0.756883] pci 0000:00:17.7:   bridge window [io  disabled]
<6>[    0.756941] pci 0000:00:17.7:   bridge window [mem 0xcc200000-0xcc2fffff]
<6>[    0.756974] pci 0000:00:17.7:   bridge window [mem 0xda800000-0xda8fffff 64bit pref]
<6>[    0.757052] pci 0000:00:18.0: PCI bridge to [bus 1b-1b]
<6>[    0.757072] pci 0000:00:18.0:   bridge window [io  0x7000-0x7fff]
<6>[    0.757120] pci 0000:00:18.0:   bridge window [mem 0xca700000-0xca7fffff]
<6>[    0.757153] pci 0000:00:18.0:   bridge window [mem 0xd8d00000-0xd8dfffff 64bit pref]
<6>[    0.757228] pci 0000:00:18.1: PCI bridge to [bus 1c-1c]
<6>[    0.757248] pci 0000:00:18.1:   bridge window [io  0xb000-0xbfff]
<6>[    0.757296] pci 0000:00:18.1:   bridge window [mem 0xcab00000-0xcabfffff]
<6>[    0.757328] pci 0000:00:18.1:   bridge window [mem 0xd9100000-0xd91fffff 64bit pref]
<6>[    0.757404] pci 0000:00:18.2: PCI bridge to [bus 1d-1d]
<6>[    0.757406] pci 0000:00:18.2:   bridge window [io  disabled]
<6>[    0.757454] pci 0000:00:18.2:   bridge window [mem 0xcaf00000-0xcaffffff]
<6>[    0.757487] pci 0000:00:18.2:   bridge window [mem 0xd9500000-0xd95fffff 64bit pref]
<6>[    0.757563] pci 0000:00:18.3: PCI bridge to [bus 1e-1e]
<6>[    0.757565] pci 0000:00:18.3:   bridge window [io  disabled]
<6>[    0.757614] pci 0000:00:18.3:   bridge window [mem 0xcb300000-0xcb3fffff]
<6>[    0.757647] pci 0000:00:18.3:   bridge window [mem 0xd9900000-0xd99fffff 64bit pref]
<6>[    0.757722] pci 0000:00:18.4: PCI bridge to [bus 1f-1f]
<6>[    0.757724] pci 0000:00:18.4:   bridge window [io  disabled]
<6>[    0.757772] pci 0000:00:18.4:   bridge window [mem 0xcb700000-0xcb7fffff]
<6>[    0.757806] pci 0000:00:18.4:   bridge window [mem 0xd9d00000-0xd9dfffff 64bit pref]
<6>[    0.757904] pci 0000:00:18.5: PCI bridge to [bus 20-20]
<6>[    0.757907] pci 0000:00:18.5:   bridge window [io  disabled]
<6>[    0.757965] pci 0000:00:18.5:   bridge window [mem 0xcbb00000-0xcbbfffff]
<6>[    0.757998] pci 0000:00:18.5:   bridge window [mem 0xda100000-0xda1fffff 64bit pref]
<6>[    0.758073] pci 0000:00:18.6: PCI bridge to [bus 21-21]
<6>[    0.758075] pci 0000:00:18.6:   bridge window [io  disabled]
<6>[    0.758124] pci 0000:00:18.6:   bridge window [mem 0xcbf00000-0xcbffffff]
<6>[    0.758157] pci 0000:00:18.6:   bridge window [mem 0xda500000-0xda5fffff 64bit pref]
<6>[    0.758232] pci 0000:00:18.7: PCI bridge to [bus 22-22]
<6>[    0.758234] pci 0000:00:18.7:   bridge window [io  disabled]
<6>[    0.758320] pci 0000:00:18.7:   bridge window [mem 0xcc300000-0xcc3fffff]
<6>[    0.758354] pci 0000:00:18.7:   bridge window [mem 0xda900000-0xda9fffff 64bit pref]
<7>[    0.758483] pci 0000:00:01.0: setting latency timer to 64
<7>[    0.758611] pci 0000:00:15.0: setting latency timer to 64
<7>[    0.758690] pci 0000:00:15.1: setting latency timer to 64
<7>[    0.758769] pci 0000:00:15.2: setting latency timer to 64
<7>[    0.758850] pci 0000:00:15.3: setting latency timer to 64
<7>[    0.758954] pci 0000:00:15.4: setting latency timer to 64
<7>[    0.759033] pci 0000:00:15.5: setting latency timer to 64
<7>[    0.759111] pci 0000:00:15.6: setting latency timer to 64
<7>[    0.759190] pci 0000:00:15.7: setting latency timer to 64
<7>[    0.759269] pci 0000:00:16.0: setting latency timer to 64
<7>[    0.759348] pci 0000:00:16.1: setting latency timer to 64
<7>[    0.759427] pci 0000:00:16.2: setting latency timer to 64
<7>[    0.759505] pci 0000:00:16.3: setting latency timer to 64
<7>[    0.759584] pci 0000:00:16.4: setting latency timer to 64
<7>[    0.759679] pci 0000:00:16.5: setting latency timer to 64
<7>[    0.759763] pci 0000:00:16.6: setting latency timer to 64
<7>[    0.759861] pci 0000:00:16.7: setting latency timer to 64
<7>[    0.759963] pci 0000:00:17.0: setting latency timer to 64
<7>[    0.760052] pci 0000:00:17.1: setting latency timer to 64
<7>[    0.760143] pci 0000:00:17.2: setting latency timer to 64
<7>[    0.760223] pci 0000:00:17.3: setting latency timer to 64
<7>[    0.760302] pci 0000:00:17.4: setting latency timer to 64
<7>[    0.760381] pci 0000:00:17.5: setting latency timer to 64
<7>[    0.760460] pci 0000:00:17.6: setting latency timer to 64
<7>[    0.760539] pci 0000:00:17.7: setting latency timer to 64
<7>[    0.760618] pci 0000:00:18.0: setting latency timer to 64
<7>[    0.760697] pci 0000:00:18.1: setting latency timer to 64
<7>[    0.760776] pci 0000:00:18.2: setting latency timer to 64
<7>[    0.760872] pci 0000:00:18.3: setting latency timer to 64
<7>[    0.760960] pci 0000:00:18.4: setting latency timer to 64
<7>[    0.761039] pci 0000:00:18.5: setting latency timer to 64
<7>[    0.761117] pci 0000:00:18.6: setting latency timer to 64
<7>[    0.761196] pci 0000:00:18.7: setting latency timer to 64
<7>[    0.761214] pci_bus 0000:00: resource 4 [mem 0x000a0000-0x000bffff]
<7>[    0.761215] pci_bus 0000:00: resource 5 [mem 0x000cc000-0x000cffff]
<7>[    0.761216] pci_bus 0000:00: resource 6 [mem 0x000d0000-0x000d3fff]
<7>[    0.761218] pci_bus 0000:00: resource 7 [mem 0x000d4000-0x000d7fff]
<7>[    0.761219] pci_bus 0000:00: resource 8 [mem 0x000d8000-0x000dbfff]
<7>[    0.761220] pci_bus 0000:00: resource 9 [mem 0xc0000000-0xfebfffff]
<7>[    0.761221] pci_bus 0000:00: resource 10 [io  0x0000-0x0cf7]
<7>[    0.761222] pci_bus 0000:00: resource 11 [io  0x0d00-0xfeff]
<7>[    0.761224] pci_bus 0000:02: resource 0 [io  0x2000-0x3fff]
<7>[    0.761225] pci_bus 0000:02: resource 1 [mem 0xc9000000-0xca3fffff]
<7>[    0.761227] pci_bus 0000:02: resource 2 [mem 0xd8400000-0xd89fffff 64bit pref]
<7>[    0.761228] pci_bus 0000:02: resource 4 [mem 0x000a0000-0x000bffff]
<7>[    0.761229] pci_bus 0000:02: resource 5 [mem 0x000cc000-0x000cffff]
<7>[    0.761230] pci_bus 0000:02: resource 6 [mem 0x000d0000-0x000d3fff]
<7>[    0.761232] pci_bus 0000:02: resource 7 [mem 0x000d4000-0x000d7fff]
<7>[    0.761233] pci_bus 0000:02: resource 8 [mem 0x000d8000-0x000dbfff]
<7>[    0.761234] pci_bus 0000:02: resource 9 [mem 0xc0000000-0xfebfffff]
<7>[    0.761235] pci_bus 0000:02: resource 10 [io  0x0000-0x0cf7]
<7>[    0.761236] pci_bus 0000:02: resource 11 [io  0x0d00-0xfeff]
<7>[    0.761237] pci_bus 0000:03: resource 0 [io  0x4000-0x4fff]
<7>[    0.761239] pci_bus 0000:03: resource 1 [mem 0xca400000-0xca4fffff]
<7>[    0.761240] pci_bus 0000:03: resource 2 [mem 0xd8a00000-0xd8afffff 64bit pref]
<7>[    0.761241] pci_bus 0000:04: resource 0 [io  0x8000-0x8fff]
<7>[    0.761242] pci_bus 0000:04: resource 1 [mem 0xca800000-0xca8fffff]
<7>[    0.761244] pci_bus 0000:04: resource 2 [mem 0xd8e00000-0xd8efffff 64bit pref]
<7>[    0.761245] pci_bus 0000:05: resource 0 [io  0xc000-0xcfff]
<7>[    0.761246] pci_bus 0000:05: resource 1 [mem 0xcac00000-0xcacfffff]
<7>[    0.761247] pci_bus 0000:05: resource 2 [mem 0xd9200000-0xd92fffff 64bit pref]
<7>[    0.761249] pci_bus 0000:06: resource 1 [mem 0xcb000000-0xcb0fffff]
<7>[    0.761250] pci_bus 0000:06: resource 2 [mem 0xd9600000-0xd96fffff 64bit pref]
<7>[    0.761251] pci_bus 0000:07: resource 1 [mem 0xcb400000-0xcb4fffff]
<7>[    0.761253] pci_bus 0000:07: resource 2 [mem 0xd9a00000-0xd9afffff 64bit pref]
<7>[    0.761254] pci_bus 0000:08: resource 1 [mem 0xcb800000-0xcb8fffff]
<7>[    0.761255] pci_bus 0000:08: resource 2 [mem 0xd9e00000-0xd9efffff 64bit pref]
<7>[    0.761257] pci_bus 0000:09: resource 1 [mem 0xcbc00000-0xcbcfffff]
<7>[    0.761258] pci_bus 0000:09: resource 2 [mem 0xda200000-0xda2fffff 64bit pref]
<7>[    0.761259] pci_bus 0000:0a: resource 1 [mem 0xcc000000-0xcc0fffff]
<7>[    0.761260] pci_bus 0000:0a: resource 2 [mem 0xda600000-0xda6fffff 64bit pref]
<7>[    0.761262] pci_bus 0000:0b: resource 0 [io  0x5000-0x5fff]
<7>[    0.761263] pci_bus 0000:0b: resource 1 [mem 0xca500000-0xca5fffff]
<7>[    0.761264] pci_bus 0000:0b: resource 2 [mem 0xd8b00000-0xd8bfffff 64bit pref]
<7>[    0.761265] pci_bus 0000:0c: resource 0 [io  0x9000-0x9fff]
<7>[    0.761266] pci_bus 0000:0c: resource 1 [mem 0xca900000-0xca9fffff]
<7>[    0.761268] pci_bus 0000:0c: resource 2 [mem 0xd8f00000-0xd8ffffff 64bit pref]
<7>[    0.761269] pci_bus 0000:0d: resource 0 [io  0xd000-0xdfff]
<7>[    0.761270] pci_bus 0000:0d: resource 1 [mem 0xcad00000-0xcadfffff]
<7>[    0.761271] pci_bus 0000:0d: resource 2 [mem 0xd9300000-0xd93fffff 64bit pref]
<7>[    0.761273] pci_bus 0000:0e: resource 1 [mem 0xcb100000-0xcb1fffff]
<7>[    0.761274] pci_bus 0000:0e: resource 2 [mem 0xd9700000-0xd97fffff 64bit pref]
<7>[    0.761275] pci_bus 0000:0f: resource 1 [mem 0xcb500000-0xcb5fffff]
<7>[    0.761277] pci_bus 0000:0f: resource 2 [mem 0xd9b00000-0xd9bfffff 64bit pref]
<7>[    0.761278] pci_bus 0000:10: resource 1 [mem 0xcb900000-0xcb9fffff]
<7>[    0.761279] pci_bus 0000:10: resource 2 [mem 0xd9f00000-0xd9ffffff 64bit pref]
<7>[    0.761281] pci_bus 0000:11: resource 1 [mem 0xcbd00000-0xcbdfffff]
<7>[    0.761282] pci_bus 0000:11: resource 2 [mem 0xda300000-0xda3fffff 64bit pref]
<7>[    0.761283] pci_bus 0000:12: resource 1 [mem 0xcc100000-0xcc1fffff]
<7>[    0.761284] pci_bus 0000:12: resource 2 [mem 0xda700000-0xda7fffff 64bit pref]
<7>[    0.761286] pci_bus 0000:13: resource 0 [io  0x6000-0x6fff]
<7>[    0.761287] pci_bus 0000:13: resource 1 [mem 0xca600000-0xca6fffff]
<7>[    0.761288] pci_bus 0000:13: resource 2 [mem 0xd8c00000-0xd8cfffff 64bit pref]
<7>[    0.761289] pci_bus 0000:14: resource 0 [io  0xa000-0xafff]
<7>[    0.761290] pci_bus 0000:14: resource 1 [mem 0xcaa00000-0xcaafffff]
<7>[    0.761292] pci_bus 0000:14: resource 2 [mem 0xd9000000-0xd90fffff 64bit pref]
<7>[    0.761293] pci_bus 0000:15: resource 0 [io  0xe000-0xefff]
<7>[    0.761294] pci_bus 0000:15: resource 1 [mem 0xcae00000-0xcaefffff]
<7>[    0.761295] pci_bus 0000:15: resource 2 [mem 0xd9400000-0xd94fffff 64bit pref]
<7>[    0.761297] pci_bus 0000:16: resource 1 [mem 0xcb200000-0xcb2fffff]
<7>[    0.761298] pci_bus 0000:16: resource 2 [mem 0xd9800000-0xd98fffff 64bit pref]
<7>[    0.761299] pci_bus 0000:17: resource 1 [mem 0xcb600000-0xcb6fffff]
<7>[    0.761301] pci_bus 0000:17: resource 2 [mem 0xd9c00000-0xd9cfffff 64bit pref]
<7>[    0.761302] pci_bus 0000:18: resource 1 [mem 0xcba00000-0xcbafffff]
<7>[    0.761303] pci_bus 0000:18: resource 2 [mem 0xda000000-0xda0fffff 64bit pref]
<7>[    0.761305] pci_bus 0000:19: resource 1 [mem 0xcbe00000-0xcbefffff]
<7>[    0.761306] pci_bus 0000:19: resource 2 [mem 0xda400000-0xda4fffff 64bit pref]
<7>[    0.761307] pci_bus 0000:1a: resource 1 [mem 0xcc200000-0xcc2fffff]
<7>[    0.761308] pci_bus 0000:1a: resource 2 [mem 0xda800000-0xda8fffff 64bit pref]
<7>[    0.761310] pci_bus 0000:1b: resource 0 [io  0x7000-0x7fff]
<7>[    0.761311] pci_bus 0000:1b: resource 1 [mem 0xca700000-0xca7fffff]
<7>[    0.761312] pci_bus 0000:1b: resource 2 [mem 0xd8d00000-0xd8dfffff 64bit pref]
<7>[    0.761313] pci_bus 0000:1c: resource 0 [io  0xb000-0xbfff]
<7>[    0.761314] pci_bus 0000:1c: resource 1 [mem 0xcab00000-0xcabfffff]
<7>[    0.761316] pci_bus 0000:1c: resource 2 [mem 0xd9100000-0xd91fffff 64bit pref]
<7>[    0.761317] pci_bus 0000:1d: resource 1 [mem 0xcaf00000-0xcaffffff]
<7>[    0.761318] pci_bus 0000:1d: resource 2 [mem 0xd9500000-0xd95fffff 64bit pref]
<7>[    0.761320] pci_bus 0000:1e: resource 1 [mem 0xcb300000-0xcb3fffff]
<7>[    0.761321] pci_bus 0000:1e: resource 2 [mem 0xd9900000-0xd99fffff 64bit pref]
<7>[    0.761322] pci_bus 0000:1f: resource 1 [mem 0xcb700000-0xcb7fffff]
<7>[    0.761323] pci_bus 0000:1f: resource 2 [mem 0xd9d00000-0xd9dfffff 64bit pref]
<7>[    0.761325] pci_bus 0000:20: resource 1 [mem 0xcbb00000-0xcbbfffff]
<7>[    0.761326] pci_bus 0000:20: resource 2 [mem 0xda100000-0xda1fffff 64bit pref]
<7>[    0.761327] pci_bus 0000:21: resource 1 [mem 0xcbf00000-0xcbffffff]
<7>[    0.761329] pci_bus 0000:21: resource 2 [mem 0xda500000-0xda5fffff 64bit pref]
<7>[    0.761330] pci_bus 0000:22: resource 1 [mem 0xcc300000-0xcc3fffff]
<7>[    0.761331] pci_bus 0000:22: resource 2 [mem 0xda900000-0xda9fffff 64bit pref]
<6>[    0.768045] NET: Registered protocol family 2
<6>[    0.768968] IP route cache hash table entries: 65536 (order: 7, 524288 bytes)
<6>[    0.774180] TCP established hash table entries: 262144 (order: 10, 4194304 bytes)
<6>[    0.788282] TCP bind hash table entries: 65536 (order: 8, 1048576 bytes)
<6>[    0.810917] TCP: Hash tables configured (established 262144 bind 65536)
<6>[    0.810924] TCP reno registered
<6>[    0.810939] UDP hash table entries: 1024 (order: 3, 32768 bytes)
<6>[    0.810954] UDP-Lite hash table entries: 1024 (order: 3, 32768 bytes)
<6>[    0.811270] NET: Registered protocol family 1
<6>[    0.811282] pci 0000:00:00.0: Limiting direct PCI/PCI transfers
<7>[    0.811443] pci 0000:00:0f.0: Boot video device
<7>[    0.812271] PCI: CLS mismatch (32 != 64), using 64 bytes
<6>[    0.812395] Unpacking initramfs...
<6>[    0.953580] Freeing initrd memory: 7276k freed
<6>[    0.954392] Simple Boot Flag at 0x36 set to 0x80
<6>[    0.954848] audit: initializing netlink socket (disabled)
<5>[    0.954862] type=2000 audit(1395365523.844:1): initialized
<6>[    0.969746] HugeTLB registered 2 MB page size, pre-allocated 0 pages
<5>[    0.970631] VFS: Disk quotas dquot_6.5.2
<4>[    0.970678] Dquot-cache hash table entries: 512 (order 0, 4096 bytes)
<6>[    0.970785] msgmni has been set to 934
<6>[    0.970940] alg: No test for stdrng (krng)
<6>[    0.970990] Block layer SCSI generic (bsg) driver version 0.4 loaded (major 253)
<6>[    0.971039] io scheduler noop registered
<6>[    0.971041] io scheduler deadline registered
<6>[    0.971083] io scheduler cfq registered (default)
<7>[    0.977679] pcieport 0000:00:15.0: setting latency timer to 64
<7>[    0.978584] pcieport 0000:00:15.0: irq 40 for MSI/MSI-X
<7>[    0.979607] pcieport 0000:00:15.1: setting latency timer to 64
<7>[    0.980402] pcieport 0000:00:15.1: irq 41 for MSI/MSI-X
<7>[    0.981215] pcieport 0000:00:15.2: setting latency timer to 64
<7>[    0.982058] pcieport 0000:00:15.2: irq 42 for MSI/MSI-X
<7>[    0.982933] pcieport 0000:00:15.3: setting latency timer to 64
<7>[    0.983739] pcieport 0000:00:15.3: irq 43 for MSI/MSI-X
<7>[    0.984550] pcieport 0000:00:15.4: setting latency timer to 64
<7>[    0.985334] pcieport 0000:00:15.4: irq 44 for MSI/MSI-X
<7>[    0.986204] pcieport 0000:00:15.5: setting latency timer to 64
<7>[    0.987244] pcieport 0000:00:15.5: irq 45 for MSI/MSI-X
<7>[    0.988078] pcieport 0000:00:15.6: setting latency timer to 64
<7>[    0.988880] pcieport 0000:00:15.6: irq 46 for MSI/MSI-X
<7>[    0.989678] pcieport 0000:00:15.7: setting latency timer to 64
<7>[    0.990536] pcieport 0000:00:15.7: irq 47 for MSI/MSI-X
<7>[    0.991355] pcieport 0000:00:16.0: setting latency timer to 64
<7>[    0.992160] pcieport 0000:00:16.0: irq 48 for MSI/MSI-X
<7>[    0.992974] pcieport 0000:00:16.1: setting latency timer to 64
<7>[    0.994014] pcieport 0000:00:16.1: irq 49 for MSI/MSI-X
<7>[    0.994842] pcieport 0000:00:16.2: setting latency timer to 64
<7>[    0.995660] pcieport 0000:00:16.2: irq 50 for MSI/MSI-X
<7>[    0.996483] pcieport 0000:00:16.3: setting latency timer to 64
<7>[    0.997276] pcieport 0000:00:16.3: irq 51 for MSI/MSI-X
<7>[    0.998429] pcieport 0000:00:16.4: setting latency timer to 64
<7>[    0.999234] pcieport 0000:00:16.4: irq 52 for MSI/MSI-X
<7>[    1.000064] pcieport 0000:00:16.5: setting latency timer to 64
<7>[    1.000904] pcieport 0000:00:16.5: irq 53 for MSI/MSI-X
<7>[    1.001768] pcieport 0000:00:16.6: setting latency timer to 64
<7>[    1.002672] pcieport 0000:00:16.6: irq 54 for MSI/MSI-X
<7>[    1.003502] pcieport 0000:00:16.7: setting latency timer to 64
<7>[    1.004342] pcieport 0000:00:16.7: irq 55 for MSI/MSI-X
<7>[    1.005384] pcieport 0000:00:17.0: setting latency timer to 64
<7>[    1.006558] pcieport 0000:00:17.0: irq 56 for MSI/MSI-X
<7>[    1.007361] pcieport 0000:00:17.1: setting latency timer to 64
<7>[    1.008172] pcieport 0000:00:17.1: irq 57 for MSI/MSI-X
<7>[    1.009014] pcieport 0000:00:17.2: setting latency timer to 64
<7>[    1.009933] pcieport 0000:00:17.2: irq 58 for MSI/MSI-X
<7>[    1.010784] pcieport 0000:00:17.3: setting latency timer to 64
<7>[    1.011589] pcieport 0000:00:17.3: irq 59 for MSI/MSI-X
<7>[    1.012598] pcieport 0000:00:17.4: setting latency timer to 64
<7>[    1.013424] pcieport 0000:00:17.4: irq 60 for MSI/MSI-X
<7>[    1.014276] pcieport 0000:00:17.5: setting latency timer to 64
<7>[    1.015098] pcieport 0000:00:17.5: irq 61 for MSI/MSI-X
<7>[    1.015950] pcieport 0000:00:17.6: setting latency timer to 64
<7>[    1.016748] pcieport 0000:00:17.6: irq 62 for MSI/MSI-X
<7>[    1.017615] pcieport 0000:00:17.7: setting latency timer to 64
<7>[    1.018783] pcieport 0000:00:17.7: irq 63 for MSI/MSI-X
<7>[    1.019865] pcieport 0000:00:18.0: setting latency timer to 64
<7>[    1.020943] pcieport 0000:00:18.0: irq 64 for MSI/MSI-X
<7>[    1.022178] pcieport 0000:00:18.1: setting latency timer to 64
<7>[    1.023250] pcieport 0000:00:18.1: irq 65 for MSI/MSI-X
<7>[    1.024355] pcieport 0000:00:18.2: setting latency timer to 64
<7>[    1.025494] pcieport 0000:00:18.2: irq 66 for MSI/MSI-X
<7>[    1.026578] pcieport 0000:00:18.3: setting latency timer to 64
<7>[    1.027383] pcieport 0000:00:18.3: irq 67 for MSI/MSI-X
<7>[    1.028511] pcieport 0000:00:18.4: setting latency timer to 64
<7>[    1.029569] pcieport 0000:00:18.4: irq 68 for MSI/MSI-X
<7>[    1.030770] pcieport 0000:00:18.5: setting latency timer to 64
<7>[    1.031777] pcieport 0000:00:18.5: irq 69 for MSI/MSI-X
<7>[    1.032857] pcieport 0000:00:18.6: setting latency timer to 64
<7>[    1.033988] pcieport 0000:00:18.6: irq 70 for MSI/MSI-X
<7>[    1.035104] pcieport 0000:00:18.7: setting latency timer to 64
<7>[    1.036210] pcieport 0000:00:18.7: irq 71 for MSI/MSI-X
<6>[    1.037158] pcieport 0000:00:15.0: Signaling PME through PCIe PME interrupt
<7>[    1.037198] pcie_pme 0000:00:15.0:pcie01: service driver pcie_pme loaded
<6>[    1.037412] pcieport 0000:00:15.1: Signaling PME through PCIe PME interrupt
<7>[    1.037453] pcie_pme 0000:00:15.1:pcie01: service driver pcie_pme loaded
<6>[    1.037630] pcieport 0000:00:15.2: Signaling PME through PCIe PME interrupt
<7>[    1.037667] pcie_pme 0000:00:15.2:pcie01: service driver pcie_pme loaded
<6>[    1.037913] pcieport 0000:00:15.3: Signaling PME through PCIe PME interrupt
<7>[    1.037950] pcie_pme 0000:00:15.3:pcie01: service driver pcie_pme loaded
<6>[    1.038125] pcieport 0000:00:15.4: Signaling PME through PCIe PME interrupt
<7>[    1.038163] pcie_pme 0000:00:15.4:pcie01: service driver pcie_pme loaded
<6>[    1.038356] pcieport 0000:00:15.5: Signaling PME through PCIe PME interrupt
<7>[    1.038397] pcie_pme 0000:00:15.5:pcie01: service driver pcie_pme loaded
<6>[    1.038576] pcieport 0000:00:15.6: Signaling PME through PCIe PME interrupt
<7>[    1.038614] pcie_pme 0000:00:15.6:pcie01: service driver pcie_pme loaded
<6>[    1.038793] pcieport 0000:00:15.7: Signaling PME through PCIe PME interrupt
<7>[    1.038830] pcie_pme 0000:00:15.7:pcie01: service driver pcie_pme loaded
<6>[    1.039005] pcieport 0000:00:16.0: Signaling PME through PCIe PME interrupt
<7>[    1.039043] pcie_pme 0000:00:16.0:pcie01: service driver pcie_pme loaded
<6>[    1.039221] pcieport 0000:00:16.1: Signaling PME through PCIe PME interrupt
<7>[    1.039259] pcie_pme 0000:00:16.1:pcie01: service driver pcie_pme loaded
<6>[    1.039444] pcieport 0000:00:16.2: Signaling PME through PCIe PME interrupt
<7>[    1.039482] pcie_pme 0000:00:16.2:pcie01: service driver pcie_pme loaded
<6>[    1.039661] pcieport 0000:00:16.3: Signaling PME through PCIe PME interrupt
<7>[    1.039699] pcie_pme 0000:00:16.3:pcie01: service driver pcie_pme loaded
<6>[    1.039874] pcieport 0000:00:16.4: Signaling PME through PCIe PME interrupt
<7>[    1.039912] pcie_pme 0000:00:16.4:pcie01: service driver pcie_pme loaded
<6>[    1.040094] pcieport 0000:00:16.5: Signaling PME through PCIe PME interrupt
<7>[    1.040131] pcie_pme 0000:00:16.5:pcie01: service driver pcie_pme loaded
<6>[    1.040307] pcieport 0000:00:16.6: Signaling PME through PCIe PME interrupt
<7>[    1.040352] pcie_pme 0000:00:16.6:pcie01: service driver pcie_pme loaded
<6>[    1.040529] pcieport 0000:00:16.7: Signaling PME through PCIe PME interrupt
<7>[    1.040567] pcie_pme 0000:00:16.7:pcie01: service driver pcie_pme loaded
<6>[    1.040747] pcieport 0000:00:17.0: Signaling PME through PCIe PME interrupt
<7>[    1.040784] pcie_pme 0000:00:17.0:pcie01: service driver pcie_pme loaded
<6>[    1.040960] pcieport 0000:00:17.1: Signaling PME through PCIe PME interrupt
<7>[    1.040997] pcie_pme 0000:00:17.1:pcie01: service driver pcie_pme loaded
<6>[    1.041177] pcieport 0000:00:17.2: Signaling PME through PCIe PME interrupt
<7>[    1.041215] pcie_pme 0000:00:17.2:pcie01: service driver pcie_pme loaded
<6>[    1.041412] pcieport 0000:00:17.3: Signaling PME through PCIe PME interrupt
<7>[    1.041451] pcie_pme 0000:00:17.3:pcie01: service driver pcie_pme loaded
<6>[    1.041634] pcieport 0000:00:17.4: Signaling PME through PCIe PME interrupt
<7>[    1.041672] pcie_pme 0000:00:17.4:pcie01: service driver pcie_pme loaded
<6>[    1.041907] pcieport 0000:00:17.5: Signaling PME through PCIe PME interrupt
<7>[    1.041945] pcie_pme 0000:00:17.5:pcie01: service driver pcie_pme loaded
<6>[    1.042125] pcieport 0000:00:17.6: Signaling PME through PCIe PME interrupt
<7>[    1.042162] pcie_pme 0000:00:17.6:pcie01: service driver pcie_pme loaded
<6>[    1.042346] pcieport 0000:00:17.7: Signaling PME through PCIe PME interrupt
<7>[    1.042402] pcie_pme 0000:00:17.7:pcie01: service driver pcie_pme loaded
<6>[    1.042595] pcieport 0000:00:18.0: Signaling PME through PCIe PME interrupt
<7>[    1.042633] pcie_pme 0000:00:18.0:pcie01: service driver pcie_pme loaded
<6>[    1.042809] pcieport 0000:00:18.1: Signaling PME through PCIe PME interrupt
<7>[    1.042847] pcie_pme 0000:00:18.1:pcie01: service driver pcie_pme loaded
<6>[    1.043026] pcieport 0000:00:18.2: Signaling PME through PCIe PME interrupt
<7>[    1.043064] pcie_pme 0000:00:18.2:pcie01: service driver pcie_pme loaded
<6>[    1.043240] pcieport 0000:00:18.3: Signaling PME through PCIe PME interrupt
<7>[    1.043277] pcie_pme 0000:00:18.3:pcie01: service driver pcie_pme loaded
<6>[    1.043459] pcieport 0000:00:18.4: Signaling PME through PCIe PME interrupt
<7>[    1.043497] pcie_pme 0000:00:18.4:pcie01: service driver pcie_pme loaded
<6>[    1.043673] pcieport 0000:00:18.5: Signaling PME through PCIe PME interrupt
<7>[    1.043711] pcie_pme 0000:00:18.5:pcie01: service driver pcie_pme loaded
<6>[    1.043890] pcieport 0000:00:18.6: Signaling PME through PCIe PME interrupt
<7>[    1.043927] pcie_pme 0000:00:18.6:pcie01: service driver pcie_pme loaded
<6>[    1.044106] pcieport 0000:00:18.7: Signaling PME through PCIe PME interrupt
<7>[    1.044143] pcie_pme 0000:00:18.7:pcie01: service driver pcie_pme loaded
<6>[    1.053688] vesafb: mode is 1024x768x16, linelength=2048, pages=0
<6>[    1.053692] vesafb: scrolling: redraw
<6>[    1.053694] vesafb: Truecolor: size=0:5:6:5, shift=0:11:5:0
<6>[    1.054011] vesafb: framebuffer at 0xd0000000, mapped to 0xffffc90010a00000, using 3072k, total 32768k
<6>[    1.054769] bootsplash 3.2.0-2010/03/31: looking for picture...
<6>[    1.054771] bootsplash: silentjpeg size 59221 bytes
<6>[    1.073370] bootsplash: ...found (1024x768, 31358 bytes, v3).
<6>[    1.095750] Console: switching to colour frame buffer device 124x44
<6>[    1.116749] fb0: VESA VGA frame buffer device
<6>[    1.116866] Serial: 8250/16550 driver, 8 ports, IRQ sharing disabled
<6>[    1.123330] serial8250: ttyS0 at I/O 0x3f8 (irq = 4) is a 16550A
<6>[    1.124006] serial8250: ttyS1 at I/O 0x2f8 (irq = 3) is a 16550A
<6>[    1.124937] 00:0a: ttyS0 at I/O 0x3f8 (irq = 4) is a 16550A
<6>[    1.125636] 00:0b: ttyS1 at I/O 0x2f8 (irq = 3) is a 16550A
<6>[    1.125940] Non-volatile memory driver v1.3
<6>[    1.125943] Linux agpgart interface v0.103
<6>[    1.125992] Fixed MDIO Bus: probed
<6>[    1.126032] i8042: PNP: PS/2 Controller [PNP0303:KBC,PNP0f13:MOUS] at 0x60,0x64 irq 1,12
<6>[    1.127131] serio: i8042 KBD port at 0x60,0x64 irq 1
<6>[    1.127144] serio: i8042 AUX port at 0x60,0x64 irq 12
<6>[    1.127277] mousedev: PS/2 mouse device common for all mice
<6>[    1.127449] cpuidle: using governor ladder
<6>[    1.127452] cpuidle: using governor menu
<6>[    1.127454] EFI Variables Facility v0.08 2004-May-17
<6>[    1.127595] TCP cubic registered
<5>[    1.127606] Registering the dns_resolver key type
<7>[    1.127684] PM: Checking hibernation image partition /dev/sda1
<6>[    1.133309] input: AT Translated Set 2 keyboard as /devices/platform/i8042/serio0/input/input0
<6>[    1.341048] input: ImPS/2 Generic Wheel Mouse as /devices/platform/i8042/serio1/input/input1
<7>[    1.341316] PM: Hibernation image not present or could not be loaded.
<6>[    1.341334] registered taskstats version 1
<6>[    1.350518]   Magic number: 6:140:509
<6>[    1.352634] Freeing unused kernel memory: 1356k freed
<6>[    1.352876] Write protecting the kernel read-only data: 10240k
<6>[    1.357457] Freeing unused kernel memory: 1720k freed
<6>[    1.359800] Freeing unused kernel memory: 1032k freed
<5>[    1.401080] SCSI subsystem initialized
<6>[    1.401908] Fusion MPT base driver 4.28.00.00suse
<6>[    1.401944] Copyright (c) 1999-2010 LSI Corporation
<6>[    1.402432] Fusion MPT SPI Host driver 4.28.00.00suse
<6>[    1.402561] mptspi 0000:00:10.0: PCI INT A -> GSI 17 (level, low) -> IRQ 17
<6>[    1.402598] mptbase: ioc0: 32 BIT PCI BUS DMA ADDRESSING SUPPORTED, total memory = 1917516 kB
<6>[    1.402914] mptbase: ioc0: Initiating bringup
<6>[    1.904947] ioc0: LSI53C1030 B0: Capabilities={Initiator}
<6>[    1.968873] Refined TSC clocksource calibration: 2594.218 MHz.
<6>[    1.968914] Switching to clocksource tsc
<6>[    2.400835] scsi0 : ioc0: LSI53C1030 B0, FwRev=01032920h, Ports=1, MaxQ=128, IRQ=17
<5>[    2.528076] scsi 0:0:0:0: Direct-Access     VMware,  VMware Virtual S 1.0  PQ: 0 ANSI: 2
<6>[    2.528125] scsi 0:0:0:0: mptscsih: ioc0: qdepth=32, tagged=1, simple=1, ordered=0, scsi_level=3, cmd_que=1
<4>[    2.528161] sdev dma_alignment 511 
<6>[    2.528205] scsi target0:0:0: Beginning Domain Validation
<6>[    2.529305] scsi target0:0:0: Domain Validation skipping write tests
<6>[    2.529336] scsi target0:0:0: Ending Domain Validation
<6>[    2.529422] scsi target0:0:0: FAST-40 WIDE SCSI 80.0 MB/s ST (25 ns, offset 127)
<7>[    2.537043] libata version 3.00 loaded.
<7>[    2.540486] ata_piix 0000:00:07.1: version 2.13
<6>[    2.540946] scsi1 : ata_piix
<6>[    2.541015] scsi2 : ata_piix
<6>[    2.541065] ata1: PATA max UDMA/33 cmd 0x1f0 ctl 0x3f6 bmdma 0x10c0 irq 14
<6>[    2.541095] ata2: PATA max UDMA/33 cmd 0x170 ctl 0x376 bmdma 0x10c8 irq 15
<6>[    2.747491] ata2.00: ATAPI: VMware Virtual IDE CDROM Drive, 00000001, max UDMA/33
<6>[    2.763457] ata2.00: configured for UDMA/33
<5>[    2.764105] scsi 2:0:0:0: CD-ROM            NECVMWar VMware IDE CDR10 1.00 PQ: 0 ANSI: 5
<6>[    2.773833] alua: device handler registered
<6>[    2.777987] rdac: device handler registered
<6>[    2.782122] emc: device handler registered
<6>[    2.786374] hp_sw: device handler registered
<6>[    2.795292] udev: starting version 147
<6>[    2.864898] usbcore: registered new interface driver usbfs
<6>[    2.864956] usbcore: registered new interface driver hub
<5>[    2.870433] sd 0:0:0:0: [sda] 104857600 512-byte logical blocks: (53.6 GB/50.0 GiB)
<5>[    2.870542] sd 0:0:0:0: [sda] Write Protect is off
<7>[    2.870577] sd 0:0:0:0: [sda] Mode Sense: 61 00 00 00
<5>[    2.870694] sd 0:0:0:0: [sda] Cache data unavailable
<3>[    2.870729] sd 0:0:0:0: [sda] Assuming drive cache: write through
<5>[    2.871096] sd 0:0:0:0: [sda] Cache data unavailable
<3>[    2.871128] sd 0:0:0:0: [sda] Assuming drive cache: write through
<6>[    2.885297]  sda: sda1 sda2
<5>[    2.885778] sd 0:0:0:0: [sda] Cache data unavailable
<3>[    2.885816] sd 0:0:0:0: [sda] Assuming drive cache: write through
<5>[    2.885849] sd 0:0:0:0: [sda] Attached SCSI disk
<7>[    2.897066] ACPI: acpi_idle registered with cpuidle
<6>[    2.951749] usbcore: registered new device driver usb
<6>[    2.957406] ehci_hcd: USB 2.0 'Enhanced' Host Controller (EHCI) Driver
<6>[    2.957501] ehci_hcd 0000:02:03.0: PCI INT A -> GSI 17 (level, low) -> IRQ 17
<6>[    2.957601] ehci_hcd 0000:02:03.0: EHCI Host Controller
<6>[    2.957657] ehci_hcd 0000:02:03.0: new USB bus registered, assigned bus number 1
<7>[    2.957868] ehci_hcd 0000:02:03.0: cache line size of 64 is not supported
<6>[    2.957876] ehci_hcd 0000:02:03.0: irq 17, io mem 0xc9010000
<6>[    2.966810] ehci_hcd 0000:02:03.0: USB 2.0 started, EHCI 1.00
<6>[    2.966897] usb usb1: New USB device found, idVendor=1d6b, idProduct=0002
<6>[    2.966933] usb usb1: New USB device strings: Mfr=3, Product=2, SerialNumber=1
<6>[    2.966966] usb usb1: Product: EHCI Host Controller
<6>[    2.966998] usb usb1: Manufacturer: Linux 3.0.13-0.27-default ehci_hcd
<6>[    2.967030] usb usb1: SerialNumber: 0000:02:03.0
<6>[    2.967153] hub 1-0:1.0: USB hub found
<6>[    2.967190] hub 1-0:1.0: 6 ports detected
<6>[    2.978245] uhci_hcd: USB Universal Host Controller Interface driver
<6>[    2.986069] uhci_hcd 0000:02:00.0: PCI INT A -> GSI 18 (level, low) -> IRQ 18
<6>[    2.986193] uhci_hcd 0000:02:00.0: UHCI Host Controller
<6>[    2.986239] uhci_hcd 0000:02:00.0: new USB bus registered, assigned bus number 2
<6>[    2.986571] uhci_hcd 0000:02:00.0: irq 18, io base 0x00002080
<6>[    2.986713] usb usb2: New USB device found, idVendor=1d6b, idProduct=0001
<6>[    2.986747] usb usb2: New USB device strings: Mfr=3, Product=2, SerialNumber=1
<6>[    2.986778] usb usb2: Product: UHCI Host Controller
<6>[    2.987040] usb usb2: Manufacturer: Linux 3.0.13-0.27-default uhci_hcd
<6>[    2.987071] usb usb2: SerialNumber: 0000:02:00.0
<6>[    2.987188] hub 2-0:1.0: USB hub found
<6>[    2.987222] hub 2-0:1.0: 2 ports detected
<7>[    3.144312] PM: Marking nosave pages: 000000000009f000 - 0000000000100000
<7>[    3.144315] PM: Marking nosave pages: 000000007fee0000 - 000000007ff00000
<7>[    3.144316] PM: Basic memory bitmaps created
<7>[    3.149820] PM: Basic memory bitmaps freed
<6>[    3.212337] PM: Starting manual resume from disk
<7>[    3.212416] PM: Hibernation image partition 8:1 present
<7>[    3.212417] PM: Looking for hibernation image.
<7>[    3.212621] PM: Image not found (code -22)
<7>[    3.212622] PM: Hibernation image not present or could not be loaded.
<6>[    3.298643] usb 2-1: new full-speed USB device number 2 using uhci_hcd
<6>[    3.446178] usb 2-1: New USB device found, idVendor=0e0f, idProduct=0003
<6>[    3.446218] usb 2-1: New USB device strings: Mfr=1, Product=2, SerialNumber=0
<6>[    3.446249] usb 2-1: Product: VMware Virtual USB Mouse
<6>[    3.446279] usb 2-1: Manufacturer: VMware
<6>[    3.490148] input: VMware VMware Virtual USB Mouse as /devices/pci0000:00/0000:00:11.0/0000:02:00.0/usb2/2-1/2-1:1.0/input/input2
<6>[    3.490280] generic-usb 0003:0E0F:0003.0001: input,hidraw0: USB HID v1.10 Mouse [VMware VMware Virtual USB Mouse] on usb-0000:02:00.0-1/input0
<6>[    3.492345] kjournald starting.  Commit interval 15 seconds
<6>[    3.492850] EXT3-fs (sda2): using internal journal
<6>[    3.492918] EXT3-fs (sda2): mounted filesystem with ordered data mode
<6>[    3.494196] input: VMware VMware Virtual USB Mouse as /devices/pci0000:00/0000:00:11.0/0000:02:00.0/usb2/2-1/2-1:1.1/input/input3
<6>[    3.494333] generic-usb 0003:0E0F:0003.0002: input,hidraw1: USB HID v1.10 Mouse [VMware VMware Virtual USB Mouse] on usb-0000:02:00.0-1/input1
<6>[    3.494407] usbcore: registered new interface driver usbhid
<6>[    3.494439] usbhid: USB HID core driver
<6>[    3.569873] usb 2-2: new full-speed USB device number 3 using uhci_hcd
<6>[    3.710111] usb 2-2: New USB device found, idVendor=0e0f, idProduct=0002
<6>[    3.710151] usb 2-2: New USB device strings: Mfr=0, Product=1, SerialNumber=0
<6>[    3.710192] usb 2-2: Product: VMware Virtual USB Hub
<6>[    3.719657] hub 2-2:1.0: USB hub found
<6>[    3.722666] hub 2-2:1.0: 7 ports detected
<6>[    4.023198] usb 2-2.1: new full-speed USB device number 4 using uhci_hcd
<6>[    4.143909] usb 2-2.1: New USB device found, idVendor=0e0f, idProduct=0008
<6>[    4.143950] usb 2-2.1: New USB device strings: Mfr=1, Product=2, SerialNumber=3
<6>[    4.143983] usb 2-2.1: Product: Virtual Bluetooth Adapter
<6>[    4.144015] usb 2-2.1: Manufacturer: VMware
<6>[    4.144047] usb 2-2.1: SerialNumber: 000650268328
<6>[    5.554373] udev: starting version 147
<4>[    5.665396] ACPI: Deprecated procfs I/F for AC is loaded, please retry with CONFIG_ACPI_PROCFS_POWER cleared
<6>[    5.665583] ACPI: AC Adapter [ACAD] (on-line)
<6>[    5.705864] rtc_cmos 00:04: rtc core: registered rtc_cmos as rtc0
<6>[    5.706034] rtc0: alarms up to one month, y3k, 114 bytes nvram, hpet irqs
<6>[    5.745227] input: Power Button as /devices/LNXSYSTM:00/LNXPWRBN:00/input/input4
<6>[    5.745320] ACPI: Power Button [PWRF]
<6>[    5.825014] Fusion MPT misc device (ioctl) driver 4.28.00.00suse
<6>[    5.825106] mptctl: Registered with Fusion MPT base driver
<6>[    5.825141] mptctl: /dev/mptctl @ (major,minor=10,220)
<6>[    5.847074] pci_hotplug: PCI Hot Plug PCI Core version: 0.5
<6>[    5.857837] input: PC Speaker as /devices/platform/pcspkr/input/input5
<6>[    5.860527] parport_pc 00:09: reported by Plug and Play ACPI
<6>[    5.860723] parport0: PC-style at 0x378, irq 7 [PCSPP,TRISTATE]
<6>[    5.865237] pciehp 0000:00:15.0:pcie04: HPC vendor_id 15ad device_id 7a0 ss_vid 15ad ss_did 7a0
<7>[    5.865375] pciehp 0000:00:15.0:pcie04: service driver pciehp loaded
<6>[    5.865474] pciehp 0000:00:15.1:pcie04: HPC vendor_id 15ad device_id 7a0 ss_vid 15ad ss_did 7a0
<7>[    5.865645] pciehp 0000:00:15.1:pcie04: service driver pciehp loaded
<6>[    5.865744] pciehp 0000:00:15.2:pcie04: HPC vendor_id 15ad device_id 7a0 ss_vid 15ad ss_did 7a0
<7>[    5.865869] pciehp 0000:00:15.2:pcie04: service driver pciehp loaded
<6>[    5.865967] pciehp 0000:00:15.3:pcie04: HPC vendor_id 15ad device_id 7a0 ss_vid 15ad ss_did 7a0
<7>[    5.866092] pciehp 0000:00:15.3:pcie04: service driver pciehp loaded
<6>[    5.866190] pciehp 0000:00:15.4:pcie04: HPC vendor_id 15ad device_id 7a0 ss_vid 15ad ss_did 7a0
<7>[    5.866312] pciehp 0000:00:15.4:pcie04: service driver pciehp loaded
<6>[    5.866410] pciehp 0000:00:15.5:pcie04: HPC vendor_id 15ad device_id 7a0 ss_vid 15ad ss_did 7a0
<7>[    5.866534] pciehp 0000:00:15.5:pcie04: service driver pciehp loaded
<6>[    5.866659] pciehp 0000:00:15.6:pcie04: HPC vendor_id 15ad device_id 7a0 ss_vid 15ad ss_did 7a0
<7>[    5.866781] pciehp 0000:00:15.6:pcie04: service driver pciehp loaded
<6>[    5.866880] pciehp 0000:00:15.7:pcie04: HPC vendor_id 15ad device_id 7a0 ss_vid 15ad ss_did 7a0
<7>[    5.867001] pciehp 0000:00:15.7:pcie04: service driver pciehp loaded
<6>[    5.867099] pciehp 0000:00:16.0:pcie04: HPC vendor_id 15ad device_id 7a0 ss_vid 15ad ss_did 7a0
<7>[    5.867221] pciehp 0000:00:16.0:pcie04: service driver pciehp loaded
<6>[    5.867319] pciehp 0000:00:16.1:pcie04: HPC vendor_id 15ad device_id 7a0 ss_vid 15ad ss_did 7a0
<7>[    5.867439] pciehp 0000:00:16.1:pcie04: service driver pciehp loaded
<6>[    5.867538] pciehp 0000:00:16.2:pcie04: HPC vendor_id 15ad device_id 7a0 ss_vid 15ad ss_did 7a0
<7>[    5.867776] pciehp 0000:00:16.2:pcie04: service driver pciehp loaded
<6>[    5.867875] pciehp 0000:00:16.3:pcie04: HPC vendor_id 15ad device_id 7a0 ss_vid 15ad ss_did 7a0
<7>[    5.867995] pciehp 0000:00:16.3:pcie04: service driver pciehp loaded
<6>[    5.868095] pciehp 0000:00:16.4:pcie04: HPC vendor_id 15ad device_id 7a0 ss_vid 15ad ss_did 7a0
<7>[    5.868215] pciehp 0000:00:16.4:pcie04: service driver pciehp loaded
<6>[    5.868313] pciehp 0000:00:16.5:pcie04: HPC vendor_id 15ad device_id 7a0 ss_vid 15ad ss_did 7a0
<7>[    5.868433] pciehp 0000:00:16.5:pcie04: service driver pciehp loaded
<6>[    5.868533] pciehp 0000:00:16.6:pcie04: HPC vendor_id 15ad device_id 7a0 ss_vid 15ad ss_did 7a0
<7>[    5.868713] pciehp 0000:00:16.6:pcie04: service driver pciehp loaded
<6>[    5.868823] pciehp 0000:00:16.7:pcie04: HPC vendor_id 15ad device_id 7a0 ss_vid 15ad ss_did 7a0
<7>[    5.868974] pciehp 0000:00:16.7:pcie04: service driver pciehp loaded
<6>[    5.869073] pciehp 0000:00:17.0:pcie04: HPC vendor_id 15ad device_id 7a0 ss_vid 15ad ss_did 7a0
<7>[    5.869194] pciehp 0000:00:17.0:pcie04: service driver pciehp loaded
<6>[    5.869294] pciehp 0000:00:17.1:pcie04: HPC vendor_id 15ad device_id 7a0 ss_vid 15ad ss_did 7a0
<7>[    5.869414] pciehp 0000:00:17.1:pcie04: service driver pciehp loaded
<6>[    5.869512] pciehp 0000:00:17.2:pcie04: HPC vendor_id 15ad device_id 7a0 ss_vid 15ad ss_did 7a0
<7>[    5.869688] pciehp 0000:00:17.2:pcie04: service driver pciehp loaded
<6>[    5.869788] pciehp 0000:00:17.3:pcie04: HPC vendor_id 15ad device_id 7a0 ss_vid 15ad ss_did 7a0
<7>[    5.869909] pciehp 0000:00:17.3:pcie04: service driver pciehp loaded
<6>[    5.870007] pciehp 0000:00:17.4:pcie04: HPC vendor_id 15ad device_id 7a0 ss_vid 15ad ss_did 7a0
<7>[    5.870126] pciehp 0000:00:17.4:pcie04: service driver pciehp loaded
<6>[    5.870225] pciehp 0000:00:17.5:pcie04: HPC vendor_id 15ad device_id 7a0 ss_vid 15ad ss_did 7a0
<7>[    5.870343] pciehp 0000:00:17.5:pcie04: service driver pciehp loaded
<6>[    5.870443] pciehp 0000:00:17.6:pcie04: HPC vendor_id 15ad device_id 7a0 ss_vid 15ad ss_did 7a0
<7>[    5.870604] pciehp 0000:00:17.6:pcie04: service driver pciehp loaded
<6>[    5.870706] pciehp 0000:00:17.7:pcie04: HPC vendor_id 15ad device_id 7a0 ss_vid 15ad ss_did 7a0
<7>[    5.870826] pciehp 0000:00:17.7:pcie04: service driver pciehp loaded
<6>[    5.870924] pciehp 0000:00:18.0:pcie04: HPC vendor_id 15ad device_id 7a0 ss_vid 15ad ss_did 7a0
<7>[    5.871048] pciehp 0000:00:18.0:pcie04: service driver pciehp loaded
<6>[    5.871147] pciehp 0000:00:18.1:pcie04: HPC vendor_id 15ad device_id 7a0 ss_vid 15ad ss_did 7a0
<7>[    5.871265] pciehp 0000:00:18.1:pcie04: service driver pciehp loaded
<6>[    5.871364] pciehp 0000:00:18.2:pcie04: HPC vendor_id 15ad device_id 7a0 ss_vid 15ad ss_did 7a0
